═══════════════════════════════════════════════════════
  Behavioral Crystal V2 — pythia-2.8b
  32 layers, d_model=2560
  18 categories, 72 probes
═══════════════════════════════════════════════════════
  code_algorithm: 4 probes (indices 0-3)
  code_debug: 4 probes (indices 4-7)
  code_refactor: 4 probes (indices 8-11)
  code_syntax: 4 probes (indices 12-15)
  exec_follow: 4 probes (indices 16-19)
  exec_format: 4 probes (indices 20-23)
  exec_transform: 4 probes (indices 24-27)
  find_entity: 4 probes (indices 28-31)
  find_fact: 4 probes (indices 32-35)
  find_pattern: 4 probes (indices 36-39)
  gen_narrative: 4 probes (indices 40-43)
  gen_persuasive: 4 probes (indices 44-47)
  gen_technical: 4 probes (indices 48-51)
  reason_abductive: 4 probes (indices 52-55)
  reason_causal: 4 probes (indices 56-59)
  reason_deductive: 4 probes (indices 60-63)
  reason_inductive: 4 probes (indices 64-67)
  reason_math: 4 probes (indices 68-71)

  Depth fractions [0.1, 0.3, 0.5, 0.7, 0.9] → layers [3, 9, 16, 22, 28]
  Loading EleutherAI/pythia-2.8b-deduped...
Warning: You are sending unauthenticated requests to the HF Hub. Please set a HF_TOKEN to enable higher rate limits and faster downloads.
Loading weights:   0%|          | 0/388 [00:00<?, ?it/s]Loading weights:   0%|          | 1/388 [00:00<00:53,  7.23it/s]Loading weights:  14%|█▍        | 56/388 [00:00<00:01, 278.58it/s]Loading weights:  32%|███▏      | 126/388 [00:00<00:00, 453.16it/s]Loading weights:  49%|████▉     | 192/388 [00:00<00:00, 529.87it/s]Loading weights:  68%|██████▊   | 264/388 [00:00<00:00, 589.32it/s]Loading weights:  87%|████████▋ | 336/388 [00:00<00:00, 624.79it/s]Loading weights: 100%|██████████| 388/388 [00:00<00:00, 534.53it/s]
  Loaded in 2.0s
  Running 72 probes across 5 depths...
    20/72
    40/72
    60/72

═══ Computing behavioral crystals ═══
  Depth 10% (layer 3): computed 18×18 matrix
  Depth 30% (layer 9): computed 18×18 matrix
  Depth 50% (layer 16): computed 18×18 matrix
  Depth 70% (layer 22): computed 18×18 matrix
  Depth 90% (layer 28): computed 18×18 matrix

═══ Depth-averaged behavioral crystal ═══
             code_al  code_de  code_re  code_sy  exec_fo  exec_fo  exec_tr  find_en  find_fa  find_pa  gen_nar  gen_per  gen_tec  reason_  reason_  reason_  reason_  reason_
  code_algorithm     1.00   -0.626    -0.407    +1.000    +0.382    -0.179    +0.841    +0.908    -0.714    -0.359    +1.000    +1.000    +1.000    -0.754    -0.756    -0.544    -0.768    -0.836  
  code_debug   -0.626      1.00   +0.746    -0.626    -0.473    +0.302    -0.451    -0.616    +0.218    +0.275    -0.627    -0.628    -0.626    +0.194    +0.208    +0.397    +0.227    +0.382  
  code_refactor   -0.407    +0.746      1.00   -0.407    -0.415    +0.365    -0.256    -0.434    +0.007    +0.182    -0.410    -0.411    -0.406    -0.023    +0.029    +0.248    +0.033    +0.201  
  code_syntax   +1.000    -0.626    -0.407      1.00   +0.382    -0.180    +0.841    +0.908    -0.714    -0.360    +1.000    +1.000    +1.000    -0.753    -0.756    -0.543    -0.767    -0.837  
  exec_follow   +0.382    -0.473    -0.415    +0.382      1.00   -0.202    +0.264    +0.389    -0.111    -0.136    +0.383    +0.383    +0.381    -0.191    -0.131    -0.497    -0.158    -0.258  
  exec_format   -0.179    +0.302    +0.365    -0.180    -0.202      1.00   +0.017    -0.216    -0.158    +0.247    -0.183    -0.182    -0.178    -0.191    -0.127    +0.208    -0.116    -0.045  
  exec_transform   +0.841    -0.451    -0.256    +0.841    +0.264    +0.017      1.00   +0.735    -0.730    -0.268    +0.840    +0.840    +0.842    -0.752    -0.742    -0.442    -0.702    -0.773  
  find_entity   +0.908    -0.616    -0.434    +0.908    +0.389    -0.216    +0.735      1.00   -0.630    -0.400    +0.908    +0.908    +0.907    -0.651    -0.624    -0.551    -0.664    -0.740  
   find_fact   -0.714    +0.218    +0.007    -0.714    -0.111    -0.158    -0.730    -0.630      1.00   +0.228    -0.714    -0.714    -0.714    +0.675    +0.676    +0.199    +0.566    +0.785  
  find_pattern   -0.359    +0.275    +0.182    -0.360    -0.136    +0.247    -0.268    -0.400    +0.228      1.00   -0.362    -0.363    -0.358    +0.092    +0.079    +0.053    +0.076    +0.225  
  gen_narrative   +1.000    -0.627    -0.410    +1.000    +0.383    -0.183    +0.840    +0.908    -0.714    -0.362      1.00   +1.000    +1.000    -0.750    -0.755    -0.540    -0.767    -0.838  
  gen_persuasive   +1.000    -0.628    -0.411    +1.000    +0.383    -0.182    +0.840    +0.908    -0.714    -0.363    +1.000      1.00   +1.000    -0.751    -0.754    -0.540    -0.767    -0.838  
  gen_technical   +1.000    -0.626    -0.406    +1.000    +0.381    -0.178    +0.842    +0.907    -0.714    -0.358    +1.000    +1.000      1.00   -0.754    -0.756    -0.543    -0.768    -0.836  
  reason_abductive   -0.754    +0.194    -0.023    -0.753    -0.191    -0.191    -0.752    -0.651    +0.675    +0.092    -0.750    -0.751    -0.754      1.00   +0.747    +0.322    +0.819    +0.716  
  reason_causal   -0.756    +0.208    +0.029    -0.756    -0.131    -0.127    -0.742    -0.624    +0.676    +0.079    -0.755    -0.754    -0.756    +0.747      1.00   +0.250    +0.787    +0.703  
  reason_deductive   -0.544    +0.397    +0.248    -0.543    -0.497    +0.208    -0.442    -0.551    +0.199    +0.053    -0.540    -0.540    -0.543    +0.322    +0.250      1.00   +0.302    +0.313  
  reason_inductive   -0.768    +0.227    +0.033    -0.767    -0.158    -0.116    -0.702    -0.664    +0.566    +0.076    -0.767    -0.767    -0.768    +0.819    +0.787    +0.302      1.00   +0.698  
  reason_math   -0.836    +0.382    +0.201    -0.837    -0.258    -0.045    -0.773    -0.740    +0.785    +0.225    -0.838    -0.838    -0.836    +0.716    +0.703    +0.313    +0.698      1.00 

═══ Strongest pairs (top 20 attractive + top 10 repulsive) ═══
  ATTRACTIVE:
           gen_narrative ↔ gen_persuasive      : +1.000
          code_algorithm ↔ gen_technical       : +1.000
          code_algorithm ↔ code_syntax         : +1.000
             code_syntax ↔ gen_technical       : +1.000
             code_syntax ↔ gen_narrative       : +1.000
             code_syntax ↔ gen_persuasive      : +1.000
          gen_persuasive ↔ gen_technical       : +1.000
           gen_narrative ↔ gen_technical       : +1.000
          code_algorithm ↔ gen_persuasive      : +1.000
          code_algorithm ↔ gen_narrative       : +1.000
             find_entity ↔ gen_narrative       : +0.908
             code_syntax ↔ find_entity         : +0.908
          code_algorithm ↔ find_entity         : +0.908
             find_entity ↔ gen_persuasive      : +0.908
             find_entity ↔ gen_technical       : +0.907
          exec_transform ↔ gen_technical       : +0.842
          code_algorithm ↔ exec_transform      : +0.841
             code_syntax ↔ exec_transform      : +0.841
          exec_transform ↔ gen_narrative       : +0.840
          exec_transform ↔ gen_persuasive      : +0.840
  REPULSIVE:
           gen_narrative ↔ reason_inductive    : -0.767
             code_syntax ↔ reason_inductive    : -0.767
          code_algorithm ↔ reason_inductive    : -0.768
           gen_technical ↔ reason_inductive    : -0.768
          exec_transform ↔ reason_math         : -0.773
          code_algorithm ↔ reason_math         : -0.836
           gen_technical ↔ reason_math         : -0.836
             code_syntax ↔ reason_math         : -0.837
           gen_narrative ↔ reason_math         : -0.838
          gen_persuasive ↔ reason_math         : -0.838

═══ Sub-function clustering (within parent category) ═══
  CODE: mean within-group = -0.053 (range -0.626 to +1.000)
        code_algorithm ↔ code_syntax       : +1.000
        code_algorithm ↔ code_debug        : -0.626
        code_algorithm ↔ code_refactor     : -0.407
           code_syntax ↔ code_debug        : -0.626
           code_syntax ↔ code_refactor     : -0.407
            code_debug ↔ code_refactor     : +0.746
  REASON: mean within-group = +0.566 (range +0.250 to +0.819)
      reason_deductive ↔ reason_inductive  : +0.302
      reason_deductive ↔ reason_abductive  : +0.322
      reason_deductive ↔ reason_causal     : +0.250
      reason_deductive ↔ reason_math       : +0.313
      reason_inductive ↔ reason_abductive  : +0.819
      reason_inductive ↔ reason_causal     : +0.787
      reason_inductive ↔ reason_math       : +0.698
      reason_abductive ↔ reason_causal     : +0.747
      reason_abductive ↔ reason_math       : +0.716
         reason_causal ↔ reason_math       : +0.703
  GENERATE: mean within-group = +1.000 (range +1.000 to +1.000)
         gen_narrative ↔ gen_technical     : +1.000
         gen_narrative ↔ gen_persuasive    : +1.000
         gen_technical ↔ gen_persuasive    : +1.000
  FIND: mean within-group = -0.267 (range -0.630 to +0.228)
           find_entity ↔ find_pattern      : -0.400
           find_entity ↔ find_fact         : -0.630
          find_pattern ↔ find_fact         : +0.228
  EXECUTE: mean within-group = +0.026 (range -0.202 to +0.264)
           exec_format ↔ exec_transform    : +0.017
           exec_format ↔ exec_follow       : -0.202
        exec_transform ↔ exec_follow       : +0.264

═══════════════════════════════════════════════════════
  Done in 7.3s
  Results: /Users/mwhitford/src/verbum/results/behavioral-crystal-v2/pythia-2.8b.json
═══════════════════════════════════════════════════════
