======================================================================
β-REDUCE: ZEROS ONLY (no flips)
======================================================================

──────────────────────────────────────────────────────────────────────
  zero_thresh=0.3 (flips disabled)
──────────────────────────────────────────────────────────────────────
  L2: 50% zeros, K=13, rank90=21, top1=55.3%
    step     1: train=12.4527, eval=12.4796, 0s
    step  1000: train=0.5088, eval=6.1823, 72s
    step  2000: train=0.4019, eval=6.6323, 140s
    step  3000: train=0.3962, eval=6.7319, 208s
    step  4000: train=0.3770, eval=6.8347, 276s
    step  5000: train=0.3784, eval=6.8747, 344s
  Final: loss=6.8747, L2 rank90=18, top1=57.7%

──────────────────────────────────────────────────────────────────────
  zero_thresh=0.5 (flips disabled)
──────────────────────────────────────────────────────────────────────
  L2: 74% zeros, K=13, rank90=14, top1=62.9%
    step     1: train=12.5471, eval=12.4675, 0s
    step  1000: train=0.6562, eval=6.2414, 68s
    step  2000: train=0.4112, eval=6.7480, 135s
    step  3000: train=0.3985, eval=6.9448, 202s
    step  4000: train=0.3821, eval=7.0979, 269s
    step  5000: train=0.3790, eval=7.1141, 337s
  Final: loss=7.1141, L2 rank90=12, top1=64.0%

──────────────────────────────────────────────────────────────────────
  zero_thresh=0.7 (flips disabled)
──────────────────────────────────────────────────────────────────────
  L2: 85% zeros, K=13, rank90=11, top1=63.9%
    step     1: train=12.4120, eval=12.4814, 0s
    step  1000: train=0.7948, eval=6.1335, 67s
    step  2000: train=0.4302, eval=6.6376, 134s
    step  3000: train=0.4032, eval=7.0525, 201s
    step  4000: train=0.3844, eval=7.0856, 267s
    step  5000: train=0.3810, eval=7.1129, 334s
  Final: loss=7.1129, L2 rank90=10, top1=64.2%

──────────────────────────────────────────────────────────────────────
  zero_thresh=1.0 (flips disabled)
──────────────────────────────────────────────────────────────────────
  L2: 94% zeros, K=13, rank90=9, top1=61.7%
    step     1: train=12.4142, eval=12.3884, 0s
    step  1000: train=1.1475, eval=6.1179, 66s
    step  2000: train=0.7042, eval=6.4226, 131s
    step  3000: train=0.4923, eval=6.7812, 194s
    step  4000: train=0.4255, eval=6.8900, 257s
    step  5000: train=0.4131, eval=6.9182, 320s
  Final: loss=6.9182, L2 rank90=8, top1=61.3%

──────────────────────────────────────────────────────────────────────
  zero_thresh=1.5 (flips disabled)
──────────────────────────────────────────────────────────────────────
  L2: 98% zeros, K=13, rank90=7, top1=59.8%
    step     1: train=12.5051, eval=12.3831, 0s
    step  1000: train=1.1123, eval=6.1932, 63s
    step  2000: train=0.8794, eval=6.2539, 125s
    step  3000: train=0.7870, eval=6.2930, 188s
    step  4000: train=0.6960, eval=6.3758, 251s
    step  5000: train=0.6950, eval=6.3967, 314s
  Final: loss=6.3967, L2 rank90=6, top1=59.4%

──────────────────────────────────────────────────────────────────────
  zero_thresh=2.0 (flips disabled)
──────────────────────────────────────────────────────────────────────
  L2: 99% zeros, K=13, rank90=5, top1=49.0%
    step     1: train=12.3032, eval=12.3978, 0s
    step  1000: train=1.1178, eval=6.4292, 63s
    step  2000: train=0.8959, eval=6.6633, 127s
    step  3000: train=0.7752, eval=6.8389, 192s
    step  4000: train=0.7157, eval=6.9822, 256s
    step  5000: train=0.6736, eval=7.0315, 321s
  Final: loss=7.0315, L2 rank90=5, top1=49.3%

──────────────────────────────────────────────────────────────────────
  zero_thresh=3.0 (flips disabled)
──────────────────────────────────────────────────────────────────────
  L2: 100% zeros, K=13, rank90=1, top1=100.0%
    step     1: train=12.5635, eval=12.4172, 0s
    step  1000: train=1.1364, eval=5.9303, 64s
    step  2000: train=0.8782, eval=6.4289, 129s
    step  3000: train=0.7608, eval=6.5496, 193s
    step  4000: train=0.6849, eval=6.7400, 257s
    step  5000: train=0.6872, eval=6.7722, 321s
  Final: loss=6.7722, L2 rank90=1, top1=100.0%

======================================================================
COMPARISON (zeros-only vs prior variants)
======================================================================

                     Variant |     Loss |  r90 |   top1 | zeros
--------------------------------------------------------------
                  A. Float32 |   6.7412 |    6 |  80.5% |     —
                B. Sign-only |   6.8625 |   32 |  45.5% |    0%
              C. M-noise 30% |   6.6972 |   25 |  56.1% |   30%
         I. SNR-zeros zt=0.3 |   6.8747 |   18 |  57.7% |   50%
         I. SNR-zeros zt=0.5 |   7.1141 |   12 |  64.0% |   74%
         I. SNR-zeros zt=0.7 |   7.1129 |   10 |  64.2% |   85%
         I. SNR-zeros zt=1.0 |   6.9182 |    8 |  61.3% |   94%
         I. SNR-zeros zt=1.5 |   6.3967 |    6 |  59.4% |   98% ★
         I. SNR-zeros zt=2.0 |   7.0315 |    5 |  49.3% |   99%
         I. SNR-zeros zt=3.0 |   6.7722 |    1 | 100.0% |  100%

Elapsed: 2293s
Saved to results/reduced-zeros-only/summary.json
