Warning: You are sending unauthenticated requests to the HF Hub. Please set a HF_TOKEN to enable higher rate limits and faster downloads.
`torch_dtype` is deprecated! Use `dtype` instead!
Loading weights:   0%|          | 0/398 [00:00<?, ?it/s]Loading weights: 100%|██████████| 398/398 [00:00<00:00, 23802.39it/s]
  [gen] model loaded 2.3s; n_exprs=800 K=8 temp=1.3
    [gen] 25/800 drop=0 [48s]
    [gen] 50/800 drop=0 [92s]
    [gen] 75/800 drop=0 [148s]
    [gen] 100/800 drop=0 [195s]
    [gen] 125/800 drop=0 [238s]
    [gen] 150/800 drop=0 [276s]
    [gen] 175/800 drop=0 [316s]
    [gen] 200/800 drop=0 [360s]
    [gen] 225/800 drop=0 [409s]
    [gen] 250/800 drop=0 [444s]
    [gen] 275/800 drop=0 [490s]
    [gen] 300/800 drop=0 [539s]
    [gen] 325/800 drop=0 [588s]
    [gen] 350/800 drop=0 [641s]
    [gen] 375/800 drop=0 [707s]
    [gen] 400/800 drop=0 [754s]
    [gen] 425/800 drop=0 [796s]
    [gen] 450/800 drop=0 [842s]
    [gen] 475/800 drop=0 [887s]
    [gen] 500/800 drop=0 [943s]
    [gen] 525/800 drop=0 [989s]
    [gen] 550/800 drop=0 [1034s]
    [gen] 575/800 drop=0 [1084s]
    [gen] 600/800 drop=0 [1138s]
    [gen] 625/800 drop=0 [1176s]
    [gen] 650/800 drop=0 [1227s]
    [gen] 675/800 drop=0 [1280s]
    [gen] 700/800 drop=0 [1348s]
    [gen] 725/800 drop=0 [1403s]
    [gen] 750/800 drop=0 [1451s]
    [gen] 800/800 drop=1 [1548s]
  [gen] saved 799 items (dropped 1), mean distinct=1.76 -> /Users/mwhitford/src/verbum/results/xm-sampled-teacher/etch_cache.json [1548s]
