Warning: You are sending unauthenticated requests to the HF Hub. Please set a HF_TOKEN to enable higher rate limits and faster downloads.
[order-prose] 216 programs (from n_each=24) render_mode=flat
[order-prose]   sample 'B n v m': 'crane applied to deer applied to seal'
[order-prose]   sample 'C n v m': 'crane applied to seal applied to deer'
[v2] Loading tokenizer: EleutherAI/pythia-2.8b-deduped
[v2] Loading model: EleutherAI/pythia-2.8b-deduped  (dtype=auto, device_map=auto)
Loading weights:   0%|          | 0/388 [00:00<?, ?it/s]Loading weights:   0%|          | 1/388 [00:00<00:56,  6.82it/s]Loading weights:  16%|█▌        | 61/388 [00:00<00:01, 299.35it/s]Loading weights:  35%|███▍      | 134/388 [00:00<00:00, 474.78it/s]Loading weights:  55%|█████▍    | 212/388 [00:00<00:00, 584.76it/s]Loading weights:  74%|███████▍  | 288/388 [00:00<00:00, 642.67it/s]Loading weights:  93%|█████████▎| 362/388 [00:00<00:00, 671.02it/s]Loading weights: 100%|██████████| 388/388 [00:00<00:00, 566.09it/s]
[v2] Model loaded in 1.1s
[order-prose]   scoring 0/216 ...
[order-prose]   scoring 25/216 ...
[order-prose]   scoring 50/216 ...
[order-prose]   scoring 75/216 ...
[order-prose]   scoring 100/216 ...
[order-prose]   scoring 125/216 ...
[order-prose]   scoring 150/216 ...
[order-prose]   scoring 175/216 ...
[order-prose]   scoring 200/216 ...

══════════════════════════════════════════════════════════════════════════
KERNEL-REF ORDER-COST [PROSE] — is B the NATIVE softmax-over-V order?
══════════════════════════════════════════════════════════════════════════
  programs=216   surprisal=mean -log p ; atoms=content-words only

  op        full     atoms     n   role
  B       0.9222    1.3655   120   preserve
  C       1.3817    1.7735    48   BREAK
  D       0.9601    1.5444    24   preserve
  K       1.3161     1.568    48   BREAK
  S       1.3171    1.7541    24   BREAK
  W       1.3417    1.6215    24   BREAK
  [ full] preserve 0.9285 vs break 1.3424  (Δ=-0.4139, cheaper=True)
  [ATOMS] preserve 1.3953 vs break 1.6764  (Δ=-0.2811, cheaper=True)

  FULL contrasts (confounded by parens/length) (a-b; a<b means a cheaper / more native):
    B_vs_C_minpair     d= -0.1604  t= -5.895  n= 24  a<b  ✓
    B_vs_S_minpair     d=  0.0227  t=  0.846  n= 24  a>b   
    D_vs_K_minpair     d= -0.3109  t=-10.694  n= 24  a<b  ✓
    B_vs_C_multi       d= -0.6763  t=-18.511  n= 24  a<b  ✓
    B_vs_K_multi       d= -0.6434  t=-13.966  n= 24  a<b  ✓
    B_vs_W_multi       d= -0.7153  t=-18.268  n= 24  a<b  ✓

  ATOM-ONLY contrasts (DE-CONFOUNDED — the headline) (a-b; a<b means a cheaper / more native):
    B_vs_C_minpair     d= -0.0377  t= -0.665  n= 24  a<b   
    B_vs_S_minpair     d=  0.1848  t=  3.697  n= 24  a>b  ✓
    D_vs_K_minpair     d= -0.3602  t= -6.015  n= 24  a<b  ✓
    B_vs_C_multi       d= -0.7429  t=  -9.11  n= 24  a<b  ✓
    B_vs_K_multi       d= -0.1452  t= -1.713  n= 24  a<b   
    B_vs_W_multi       d= -0.5855  t= -7.437  n= 24  a<b  ✓

  * B native order [PROSE, B<C atom minpair]: False
══════════════════════════════════════════════════════════════════════════

[order-prose] wrote /Users/mwhitford/src/verbum/results/kernel-reference-audit/order_cost_v9_prose_verdict_pythia-2-8b-deduped_flat.json
