  arms=['real', 'shuffled', 'same'] seeds=[0, 1, 2] steps=6000 ckpt_every=300 n_measure=16
  [seed 0] rules=13 corpus=1672 B heldout=74
  [real s0] step     0 | CE nan | acc 0.000 | rho_gw -0.002 | bimod 0.429 | effrank 29.4 | 50s
  [real s0] step   300 | CE 1.246 | acc 0.068 | rho_gw +0.020 | bimod 0.401 | effrank 14.2 | 55s
  [real s0] step   600 | CE 0.665 | acc 0.162 | rho_gw +0.008 | bimod 0.352 | effrank 19.6 | 60s
  [real s0] step   900 | CE 0.253 | acc 0.284 | rho_gw -0.010 | bimod 0.301 | effrank 21.7 | 64s
  [real s0] step  1200 | CE 0.100 | acc 0.270 | rho_gw -0.014 | bimod 0.322 | effrank 25.8 | 69s
  [real s0] step  1500 | CE 0.063 | acc 0.284 | rho_gw -0.038 | bimod 0.364 | effrank 22.6 | 74s
  [real s0] step  1800 | CE 0.050 | acc 0.324 | rho_gw -0.027 | bimod 0.328 | effrank 23.6 | 78s
  [real s0] step  2100 | CE 0.048 | acc 0.297 | rho_gw -0.004 | bimod 0.336 | effrank 23.5 | 83s
  [real s0] step  2400 | CE 0.047 | acc 0.311 | rho_gw +0.020 | bimod 0.323 | effrank 21.9 | 87s
  [real s0] step  2700 | CE 0.047 | acc 0.257 | rho_gw -0.032 | bimod 0.368 | effrank 20.4 | 91s
  [real s0] step  3000 | CE 0.044 | acc 0.284 | rho_gw -0.005 | bimod 0.320 | effrank 20.7 | 96s
  [real s0] step  3300 | CE 0.045 | acc 0.324 | rho_gw -0.050 | bimod 0.380 | effrank 15.9 | 100s
  [real s0] step  3600 | CE 0.043 | acc 0.311 | rho_gw +0.044 | bimod 0.328 | effrank 23.1 | 104s
  [real s0] step  3900 | CE 0.040 | acc 0.297 | rho_gw +0.051 | bimod 0.337 | effrank 22.5 | 109s
  [real s0] step  4200 | CE 0.041 | acc 0.284 | rho_gw +0.056 | bimod 0.329 | effrank 23.0 | 113s
  [real s0] step  4500 | CE 0.041 | acc 0.311 | rho_gw +0.049 | bimod 0.333 | effrank 27.3 | 117s
  [real s0] step  4800 | CE 0.043 | acc 0.257 | rho_gw -0.057 | bimod 0.377 | effrank 20.9 | 121s
  [real s0] step  5100 | CE 0.039 | acc 0.270 | rho_gw +0.055 | bimod 0.334 | effrank 31.3 | 126s
  [real s0] step  5400 | CE 0.039 | acc 0.297 | rho_gw +0.061 | bimod 0.332 | effrank 25.6 | 130s
  [real s0] step  5700 | CE 0.051 | acc 0.270 | rho_gw +0.006 | bimod 0.320 | effrank 29.9 | 134s
  [real s0] step  6000 | CE 0.040 | acc 0.324 | rho_gw +0.054 | bimod 0.326 | effrank 25.0 | 138s
  [shuffled s0] step     0 | CE nan | acc 0.000 | rho_gw +0.003 | bimod 0.486 | effrank 21.3 | 0s
  [shuffled s0] step   300 | CE 2.542 | acc 0.000 | rho_gw +0.014 | bimod 0.395 | effrank 15.6 | 4s
  [shuffled s0] step   600 | CE 2.550 | acc 0.000 | rho_gw +0.018 | bimod 0.408 | effrank 13.5 | 7s
  [shuffled s0] step   900 | CE 2.550 | acc 0.000 | rho_gw +0.021 | bimod 0.427 | effrank 12.3 | 11s
  [shuffled s0] step  1200 | CE 2.548 | acc 0.000 | rho_gw +0.022 | bimod 0.428 | effrank 13.1 | 14s
  [shuffled s0] step  1500 | CE 2.544 | acc 0.000 | rho_gw +0.024 | bimod 0.431 | effrank 10.2 | 18s
  [shuffled s0] step  1800 | CE 2.523 | acc 0.000 | rho_gw +0.025 | bimod 0.433 | effrank 11.7 | 21s
  [shuffled s0] step  2100 | CE 2.546 | acc 0.000 | rho_gw +0.027 | bimod 0.424 | effrank 12.7 | 25s
  [shuffled s0] step  2400 | CE 2.535 | acc 0.000 | rho_gw +0.029 | bimod 0.433 | effrank 10.6 | 28s
  [shuffled s0] step  2700 | CE 2.547 | acc 0.000 | rho_gw +0.029 | bimod 0.431 | effrank 10.6 | 32s
  [shuffled s0] step  3000 | CE 2.542 | acc 0.000 | rho_gw +0.031 | bimod 0.430 | effrank 12.7 | 35s
  [shuffled s0] step  3300 | CE 2.538 | acc 0.000 | rho_gw +0.032 | bimod 0.432 | effrank 11.9 | 39s
  [shuffled s0] step  3600 | CE 2.541 | acc 0.000 | rho_gw +0.033 | bimod 0.427 | effrank 13.0 | 42s
  [shuffled s0] step  3900 | CE 2.533 | acc 0.000 | rho_gw +0.035 | bimod 0.431 | effrank 11.8 | 46s
  [shuffled s0] step  4200 | CE 2.548 | acc 0.000 | rho_gw +0.035 | bimod 0.422 | effrank 15.2 | 50s
  [shuffled s0] step  4500 | CE 2.542 | acc 0.000 | rho_gw +0.037 | bimod 0.435 | effrank 13.0 | 53s
  [shuffled s0] step  4800 | CE 2.546 | acc 0.000 | rho_gw +0.038 | bimod 0.429 | effrank 13.8 | 57s
  [shuffled s0] step  5100 | CE 2.543 | acc 0.000 | rho_gw +0.039 | bimod 0.419 | effrank 13.7 | 60s
  [shuffled s0] step  5400 | CE 2.544 | acc 0.000 | rho_gw +0.040 | bimod 0.421 | effrank 10.9 | 64s
  [shuffled s0] step  5700 | CE 2.541 | acc 0.000 | rho_gw +0.041 | bimod 0.428 | effrank 14.7 | 67s
  [shuffled s0] step  6000 | CE 2.535 | acc 0.000 | rho_gw +0.043 | bimod 0.431 | effrank 12.4 | 71s
  [same s0] step     0 | CE nan | acc 0.000 | rho_gw -0.000 | bimod 0.397 | effrank 30.0 | 32s
  [same s0] step   300 | CE 0.068 | acc 0.054 | rho_gw +0.018 | bimod 0.346 | effrank 20.9 | 36s
  [same s0] step   600 | CE 0.013 | acc 0.054 | rho_gw +0.001 | bimod 0.306 | effrank 7.6 | 40s
  [same s0] step   900 | CE 0.011 | acc 0.054 | rho_gw +0.007 | bimod 0.310 | effrank 12.5 | 45s
  [same s0] step  1200 | CE 0.010 | acc 0.054 | rho_gw +0.034 | bimod 0.363 | effrank 28.3 | 49s
  [same s0] step  1500 | CE 0.010 | acc 0.054 | rho_gw -0.013 | bimod 0.364 | effrank 3.1 | 53s
  [same s0] step  1800 | CE 0.010 | acc 0.054 | rho_gw -0.007 | bimod 0.364 | effrank 4.6 | 57s
  [same s0] step  2100 | CE 0.010 | acc 0.054 | rho_gw +0.001 | bimod 0.373 | effrank 5.1 | 61s
  [same s0] step  2400 | CE 0.010 | acc 0.054 | rho_gw -0.006 | bimod 0.366 | effrank 4.3 | 65s
  [same s0] step  2700 | CE 0.010 | acc 0.054 | rho_gw -0.009 | bimod 0.365 | effrank 3.8 | 69s
  [same s0] step  3000 | CE 0.010 | acc 0.054 | rho_gw +0.003 | bimod 0.371 | effrank 5.2 | 73s
  [same s0] step  3300 | CE 0.010 | acc 0.054 | rho_gw +0.006 | bimod 0.375 | effrank 6.5 | 78s
  [same s0] step  3600 | CE 0.010 | acc 0.054 | rho_gw +0.006 | bimod 0.364 | effrank 5.7 | 82s
  [same s0] step  3900 | CE 0.010 | acc 0.054 | rho_gw +0.000 | bimod 0.374 | effrank 5.9 | 86s
  [same s0] step  4200 | CE 0.009 | acc 0.054 | rho_gw +0.004 | bimod 0.371 | effrank 5.3 | 90s
  [same s0] step  4500 | CE 0.009 | acc 0.054 | rho_gw +0.009 | bimod 0.382 | effrank 8.5 | 94s
  [same s0] step  4800 | CE 0.009 | acc 0.054 | rho_gw +0.006 | bimod 0.364 | effrank 6.1 | 98s
  [same s0] step  5100 | CE 0.009 | acc 0.054 | rho_gw +0.004 | bimod 0.330 | effrank 4.0 | 102s
  [same s0] step  5400 | CE 0.009 | acc 0.054 | rho_gw +0.005 | bimod 0.388 | effrank 6.4 | 106s
  [same s0] step  5700 | CE 0.009 | acc 0.054 | rho_gw +0.011 | bimod 0.392 | effrank 7.6 | 110s
  [same s0] step  6000 | CE 0.009 | acc 0.054 | rho_gw +0.009 | bimod 0.380 | effrank 7.0 | 114s
  [seed 1] rules=13 corpus=1672 B heldout=74
  [real s1] step     0 | CE nan | acc 0.000 | rho_gw +0.001 | bimod 0.429 | effrank 28.6 | 41s
  [real s1] step   300 | CE 1.257 | acc 0.027 | rho_gw +0.020 | bimod 0.333 | effrank 7.8 | 45s
  [real s1] step   600 | CE 0.729 | acc 0.081 | rho_gw +0.015 | bimod 0.317 | effrank 16.2 | 50s
  [real s1] step   900 | CE 0.253 | acc 0.189 | rho_gw +0.001 | bimod 0.312 | effrank 25.7 | 54s
  [real s1] step  1200 | CE 0.094 | acc 0.216 | rho_gw -0.014 | bimod 0.311 | effrank 23.5 | 59s
  [real s1] step  1500 | CE 0.057 | acc 0.270 | rho_gw +0.007 | bimod 0.321 | effrank 22.9 | 63s
  [real s1] step  1800 | CE 0.053 | acc 0.284 | rho_gw +0.009 | bimod 0.296 | effrank 21.4 | 68s
  [real s1] step  2100 | CE 0.049 | acc 0.230 | rho_gw +0.006 | bimod 0.313 | effrank 27.8 | 72s
  [real s1] step  2400 | CE 0.050 | acc 0.243 | rho_gw -0.033 | bimod 0.346 | effrank 22.5 | 77s
  [real s1] step  2700 | CE 0.043 | acc 0.257 | rho_gw +0.027 | bimod 0.308 | effrank 20.2 | 81s
  [real s1] step  3000 | CE 0.049 | acc 0.257 | rho_gw -0.022 | bimod 0.322 | effrank 22.4 | 85s
  [real s1] step  3300 | CE 0.043 | acc 0.216 | rho_gw +0.033 | bimod 0.318 | effrank 24.0 | 89s
  [real s1] step  3600 | CE 0.045 | acc 0.257 | rho_gw +0.043 | bimod 0.312 | effrank 22.5 | 93s
  [real s1] step  3900 | CE 0.044 | acc 0.257 | rho_gw +0.046 | bimod 0.322 | effrank 25.5 | 98s
  [real s1] step  4200 | CE 0.040 | acc 0.216 | rho_gw +0.041 | bimod 0.318 | effrank 25.0 | 103s
  [real s1] step  4500 | CE 0.043 | acc 0.230 | rho_gw +0.054 | bimod 0.311 | effrank 25.1 | 107s
  [real s1] step  4800 | CE 0.043 | acc 0.284 | rho_gw +0.046 | bimod 0.315 | effrank 25.9 | 111s
  [real s1] step  5100 | CE 0.037 | acc 0.297 | rho_gw +0.057 | bimod 0.320 | effrank 26.2 | 116s
  [real s1] step  5400 | CE 0.044 | acc 0.243 | rho_gw +0.058 | bimod 0.316 | effrank 24.5 | 120s
  [real s1] step  5700 | CE 0.043 | acc 0.189 | rho_gw +0.013 | bimod 0.320 | effrank 20.8 | 125s
  [real s1] step  6000 | CE 0.041 | acc 0.257 | rho_gw +0.062 | bimod 0.313 | effrank 26.7 | 129s
  [shuffled s1] step     0 | CE nan | acc 0.000 | rho_gw +0.001 | bimod 0.494 | effrank 18.2 | 0s
  [shuffled s1] step   300 | CE 2.536 | acc 0.000 | rho_gw +0.013 | bimod 0.415 | effrank 12.7 | 4s
  [shuffled s1] step   600 | CE 2.524 | acc 0.000 | rho_gw +0.017 | bimod 0.424 | effrank 13.6 | 8s
  [shuffled s1] step   900 | CE 2.524 | acc 0.000 | rho_gw +0.019 | bimod 0.441 | effrank 13.7 | 11s
  [shuffled s1] step  1200 | CE 2.530 | acc 0.000 | rho_gw +0.020 | bimod 0.445 | effrank 12.2 | 15s
  [shuffled s1] step  1500 | CE 2.523 | acc 0.000 | rho_gw +0.022 | bimod 0.430 | effrank 11.1 | 18s
  [shuffled s1] step  1800 | CE 2.541 | acc 0.000 | rho_gw +0.024 | bimod 0.421 | effrank 11.7 | 22s
  [shuffled s1] step  2100 | CE 2.537 | acc 0.000 | rho_gw +0.025 | bimod 0.436 | effrank 9.1 | 25s
  [shuffled s1] step  2400 | CE 2.535 | acc 0.000 | rho_gw +0.027 | bimod 0.437 | effrank 12.6 | 29s
  [shuffled s1] step  2700 | CE 2.555 | acc 0.000 | rho_gw +0.028 | bimod 0.426 | effrank 9.9 | 32s
  [shuffled s1] step  3000 | CE 2.530 | acc 0.000 | rho_gw +0.029 | bimod 0.428 | effrank 10.5 | 36s
  [shuffled s1] step  3300 | CE 2.537 | acc 0.000 | rho_gw +0.031 | bimod 0.432 | effrank 13.1 | 40s
  [shuffled s1] step  3600 | CE 2.524 | acc 0.000 | rho_gw +0.032 | bimod 0.439 | effrank 12.1 | 43s
  [shuffled s1] step  3900 | CE 2.546 | acc 0.000 | rho_gw +0.034 | bimod 0.440 | effrank 12.1 | 47s
  [shuffled s1] step  4200 | CE 2.533 | acc 0.000 | rho_gw +0.034 | bimod 0.432 | effrank 12.5 | 50s
  [shuffled s1] step  4500 | CE 2.545 | acc 0.000 | rho_gw +0.035 | bimod 0.431 | effrank 12.0 | 54s
  [shuffled s1] step  4800 | CE 2.533 | acc 0.000 | rho_gw +0.036 | bimod 0.446 | effrank 12.1 | 57s
  [shuffled s1] step  5100 | CE 2.535 | acc 0.000 | rho_gw +0.037 | bimod 0.426 | effrank 14.0 | 61s
  [shuffled s1] step  5400 | CE 2.526 | acc 0.000 | rho_gw +0.038 | bimod 0.431 | effrank 12.1 | 64s
  [shuffled s1] step  5700 | CE 2.522 | acc 0.000 | rho_gw +0.039 | bimod 0.420 | effrank 12.4 | 68s
  [shuffled s1] step  6000 | CE 2.530 | acc 0.000 | rho_gw +0.041 | bimod 0.445 | effrank 16.1 | 72s
  [same s1] step     0 | CE nan | acc 0.000 | rho_gw +0.005 | bimod 0.393 | effrank 26.9 | 13s
  [same s1] step   300 | CE 0.041 | acc 0.014 | rho_gw +0.023 | bimod 0.336 | effrank 22.2 | 19s
  [same s1] step   600 | CE 0.013 | acc 0.014 | rho_gw +0.051 | bimod 0.425 | effrank 66.6 | 25s
  [same s1] step   900 | CE 0.011 | acc 0.014 | rho_gw -0.006 | bimod 0.326 | effrank 4.8 | 31s
  [same s1] step  1200 | CE 0.010 | acc 0.014 | rho_gw -0.007 | bimod 0.353 | effrank 5.5 | 37s
  [same s1] step  1500 | CE 0.010 | acc 0.027 | rho_gw -0.009 | bimod 0.356 | effrank 5.6 | 42s
  [same s1] step  1800 | CE 0.010 | acc 0.027 | rho_gw -0.002 | bimod 0.360 | effrank 6.4 | 47s
  [same s1] step  2100 | CE 0.010 | acc 0.027 | rho_gw -0.009 | bimod 0.370 | effrank 5.6 | 53s
  [same s1] step  2400 | CE 0.010 | acc 0.027 | rho_gw -0.001 | bimod 0.369 | effrank 5.2 | 58s
  [same s1] step  2700 | CE 0.010 | acc 0.027 | rho_gw -0.001 | bimod 0.380 | effrank 7.8 | 63s
  [same s1] step  3000 | CE 0.010 | acc 0.027 | rho_gw -0.001 | bimod 0.389 | effrank 6.5 | 69s
  [same s1] step  3300 | CE 0.010 | acc 0.027 | rho_gw +0.002 | bimod 0.131 | effrank 9.4 | 74s
  [same s1] step  3600 | CE 0.010 | acc 0.014 | rho_gw -0.005 | bimod 0.359 | effrank 5.6 | 80s
  [same s1] step  3900 | CE 0.010 | acc 0.014 | rho_gw +0.003 | bimod 0.366 | effrank 6.3 | 86s
  [same s1] step  4200 | CE 0.010 | acc 0.014 | rho_gw +0.009 | bimod 0.355 | effrank 5.4 | 93s
  [same s1] step  4500 | CE 0.010 | acc 0.014 | rho_gw +0.003 | bimod 0.370 | effrank 3.6 | 98s
  [same s1] step  4800 | CE 0.010 | acc 0.014 | rho_gw +0.009 | bimod 0.364 | effrank 5.5 | 103s
  [same s1] step  5100 | CE 0.010 | acc 0.014 | rho_gw +0.002 | bimod 0.385 | effrank 7.1 | 109s
  [same s1] step  5400 | CE 0.010 | acc 0.014 | rho_gw +0.010 | bimod 0.379 | effrank 6.7 | 114s
  [same s1] step  5700 | CE 0.010 | acc 0.014 | rho_gw +0.003 | bimod 0.378 | effrank 6.1 | 120s
  [same s1] step  6000 | CE 0.010 | acc 0.014 | rho_gw -0.001 | bimod 0.372 | effrank 6.0 | 125s
  [seed 2] rules=13 corpus=1672 B heldout=74
  [real s2] step     0 | CE nan | acc 0.000 | rho_gw +0.001 | bimod 0.407 | effrank 23.1 | 47s
  [real s2] step   300 | CE 1.250 | acc 0.014 | rho_gw +0.015 | bimod 0.365 | effrank 7.6 | 52s
  [real s2] step   600 | CE 0.708 | acc 0.027 | rho_gw +0.008 | bimod 0.338 | effrank 21.3 | 57s
  [real s2] step   900 | CE 0.268 | acc 0.176 | rho_gw -0.003 | bimod 0.344 | effrank 25.6 | 62s
  [real s2] step  1200 | CE 0.129 | acc 0.284 | rho_gw -0.019 | bimod 0.338 | effrank 21.5 | 66s
  [real s2] step  1500 | CE 0.062 | acc 0.270 | rho_gw -0.008 | bimod 0.335 | effrank 26.1 | 71s
  [real s2] step  1800 | CE 0.060 | acc 0.297 | rho_gw -0.024 | bimod 0.336 | effrank 21.5 | 75s
  [real s2] step  2100 | CE 0.055 | acc 0.297 | rho_gw +0.003 | bimod 0.332 | effrank 26.8 | 80s
  [real s2] step  2400 | CE 0.047 | acc 0.270 | rho_gw +0.013 | bimod 0.324 | effrank 25.9 | 84s
  [real s2] step  2700 | CE 0.053 | acc 0.284 | rho_gw -0.026 | bimod 0.346 | effrank 25.2 | 89s
  [real s2] step  3000 | CE 0.041 | acc 0.203 | rho_gw +0.026 | bimod 0.320 | effrank 23.1 | 93s
  [real s2] step  3300 | CE 0.047 | acc 0.243 | rho_gw +0.031 | bimod 0.320 | effrank 22.2 | 97s
  [real s2] step  3600 | CE 0.043 | acc 0.230 | rho_gw +0.044 | bimod 0.331 | effrank 24.7 | 102s
  [real s2] step  3900 | CE 0.041 | acc 0.230 | rho_gw +0.041 | bimod 0.328 | effrank 23.0 | 106s
  [real s2] step  4200 | CE 0.041 | acc 0.230 | rho_gw -0.011 | bimod 0.319 | effrank 29.5 | 111s
  [real s2] step  4500 | CE 0.044 | acc 0.216 | rho_gw +0.032 | bimod 0.321 | effrank 25.5 | 116s
  [real s2] step  4800 | CE 0.041 | acc 0.230 | rho_gw +0.055 | bimod 0.319 | effrank 25.1 | 120s
  [real s2] step  5100 | CE 0.041 | acc 0.257 | rho_gw +0.017 | bimod 0.311 | effrank 21.8 | 124s
  [real s2] step  5400 | CE 0.041 | acc 0.230 | rho_gw +0.062 | bimod 0.337 | effrank 24.3 | 129s
  [real s2] step  5700 | CE 0.039 | acc 0.270 | rho_gw +0.062 | bimod 0.332 | effrank 23.3 | 134s
  [real s2] step  6000 | CE 0.041 | acc 0.216 | rho_gw +0.070 | bimod 0.333 | effrank 24.5 | 138s
  [shuffled s2] step     0 | CE nan | acc 0.000 | rho_gw -0.003 | bimod 0.489 | effrank 16.7 | 0s
  [shuffled s2] step   300 | CE 2.553 | acc 0.000 | rho_gw +0.015 | bimod 0.394 | effrank 14.7 | 4s
  [shuffled s2] step   600 | CE 2.538 | acc 0.000 | rho_gw +0.017 | bimod 0.411 | effrank 12.0 | 7s
  [shuffled s2] step   900 | CE 2.547 | acc 0.000 | rho_gw +0.020 | bimod 0.428 | effrank 12.3 | 11s
  [shuffled s2] step  1200 | CE 2.534 | acc 0.000 | rho_gw +0.020 | bimod 0.432 | effrank 8.9 | 15s
  [shuffled s2] step  1500 | CE 2.553 | acc 0.000 | rho_gw +0.021 | bimod 0.450 | effrank 10.4 | 18s
  [shuffled s2] step  1800 | CE 2.531 | acc 0.000 | rho_gw +0.022 | bimod 0.448 | effrank 9.7 | 22s
  [shuffled s2] step  2100 | CE 2.542 | acc 0.000 | rho_gw +0.024 | bimod 0.459 | effrank 11.9 | 25s
  [shuffled s2] step  2400 | CE 2.543 | acc 0.000 | rho_gw +0.026 | bimod 0.468 | effrank 13.4 | 29s
  [shuffled s2] step  2700 | CE 2.543 | acc 0.000 | rho_gw +0.026 | bimod 0.450 | effrank 8.3 | 32s
  [shuffled s2] step  3000 | CE 2.540 | acc 0.000 | rho_gw +0.027 | bimod 0.440 | effrank 10.8 | 36s
  [shuffled s2] step  3300 | CE 2.544 | acc 0.000 | rho_gw +0.028 | bimod 0.460 | effrank 10.4 | 39s
  [shuffled s2] step  3600 | CE 2.538 | acc 0.000 | rho_gw +0.029 | bimod 0.449 | effrank 12.3 | 43s
  [shuffled s2] step  3900 | CE 2.542 | acc 0.000 | rho_gw +0.029 | bimod 0.453 | effrank 10.2 | 46s
  [shuffled s2] step  4200 | CE 2.551 | acc 0.000 | rho_gw +0.031 | bimod 0.458 | effrank 12.4 | 50s
  [shuffled s2] step  4500 | CE 2.543 | acc 0.000 | rho_gw +0.032 | bimod 0.462 | effrank 11.5 | 54s
  [shuffled s2] step  4800 | CE 2.541 | acc 0.000 | rho_gw +0.032 | bimod 0.444 | effrank 8.7 | 57s
  [shuffled s2] step  5100 | CE 2.540 | acc 0.000 | rho_gw +0.034 | bimod 0.455 | effrank 10.1 | 61s
  [shuffled s2] step  5400 | CE 2.542 | acc 0.000 | rho_gw +0.035 | bimod 0.450 | effrank 11.4 | 64s
  [shuffled s2] step  5700 | CE 2.539 | acc 0.000 | rho_gw +0.036 | bimod 0.443 | effrank 10.0 | 68s
  [shuffled s2] step  6000 | CE 2.550 | acc 0.000 | rho_gw +0.037 | bimod 0.454 | effrank 12.5 | 71s
  [same s2] step     0 | CE nan | acc 0.000 | rho_gw -0.002 | bimod 0.396 | effrank 27.3 | 45s
  [same s2] step   300 | CE 0.031 | acc 0.014 | rho_gw +0.033 | bimod 0.351 | effrank 35.4 | 50s
  [same s2] step   600 | CE 0.015 | acc 0.014 | rho_gw +0.054 | bimod 0.424 | effrank 63.9 | 56s
  [same s2] step   900 | CE 0.013 | acc 0.014 | rho_gw -0.001 | bimod 0.312 | effrank 4.6 | 62s
  [same s2] step  1200 | CE 0.013 | acc 0.014 | rho_gw +0.027 | bimod 0.289 | effrank 22.4 | 69s
  [same s2] step  1500 | CE 0.012 | acc 0.014 | rho_gw +0.001 | bimod 0.383 | effrank 5.0 | 75s
  [same s2] step  1800 | CE 0.012 | acc 0.014 | rho_gw +0.003 | bimod 0.380 | effrank 6.2 | 81s
  [same s2] step  2100 | CE 0.012 | acc 0.000 | rho_gw +0.004 | bimod 0.107 | effrank 7.2 | 89s
  [same s2] step  2400 | CE 0.012 | acc 0.000 | rho_gw +0.041 | bimod 0.108 | effrank 30.3 | 98s
  [same s2] step  2700 | CE 0.012 | acc 0.000 | rho_gw +0.001 | bimod 0.376 | effrank 4.8 | 105s
  [same s2] step  3000 | CE 0.012 | acc 0.000 | rho_gw +0.003 | bimod 0.366 | effrank 5.9 | 112s
  [same s2] step  3300 | CE 0.012 | acc 0.000 | rho_gw +0.007 | bimod 0.382 | effrank 6.1 | 118s
  [same s2] step  3600 | CE 0.012 | acc 0.000 | rho_gw +0.005 | bimod 0.357 | effrank 6.6 | 125s
  [same s2] step  3900 | CE 0.012 | acc 0.000 | rho_gw +0.008 | bimod 0.144 | effrank 7.3 | 132s
  [same s2] step  4200 | CE 0.012 | acc 0.000 | rho_gw +0.012 | bimod 0.390 | effrank 6.8 | 138s
  [same s2] step  4500 | CE 0.012 | acc 0.000 | rho_gw +0.011 | bimod 0.397 | effrank 5.7 | 145s
  [same s2] step  4800 | CE 0.012 | acc 0.014 | rho_gw +0.012 | bimod 0.363 | effrank 6.1 | 152s
  [same s2] step  5100 | CE 0.012 | acc 0.014 | rho_gw +0.009 | bimod 0.380 | effrank 5.9 | 158s
  [same s2] step  5400 | CE 0.012 | acc 0.014 | rho_gw +0.009 | bimod 0.114 | effrank 6.4 | 164s
  [same s2] step  5700 | CE 0.012 | acc 0.014 | rho_gw +0.011 | bimod 0.379 | effrank 5.2 | 171s
  [same s2] step  6000 | CE 0.012 | acc 0.014 | rho_gw +0.010 | bimod 0.382 | effrank 5.6 | 177s

  ==== FROZEN-BASIS GRADIENT TOMOGRAPHY ====
  [real] rho_gw [0.0619, 0.0066] bimod [0.3242, 0.0081] effrank [25.392, 0.9449] (base [27.057, 2.818]) | frozen_flip [0.0078, 0.0004] active_flip [0.0059, 0.0002] | acc [0.2658, 0.0446]
  [shuffled] rho_gw [0.0407, 0.0025] bimod [0.4432, 0.0093] effrank [13.686, 1.6992] (base [18.7397, 1.9244]) | frozen_flip [0.0028, 0.0001] active_flip [0.0065, 0.0002] | acc [0.0, 0.0]
  [same] rho_gw [0.006, 0.0047] bimod [0.3782, 0.0042] effrank [6.21, 0.5811] (base [28.0833, 1.3891]) | frozen_flip [0.0007, 0.0001] active_flip [0.0004, 0.0] | acc [0.027, 0.0191]

  VERDICT (real vs shuffled null):
   A photograph  : effrank(real)-effrank(shuf) = 11.706 (want < 0)
   B bimodal     : rho(real)-rho(shuf) = 0.0212 (want > 0)
   C route-around: active/frozen flip real=0.756 vs shuf=2.321 (want real>>1)

  wrote /Users/mwhitford/src/verbum/results/gd-frozen-basis/verdict_multiseed.json  (1036.1s)
