  arms=['real', 'shuffled', 'same'] seeds=[0, 1, 2] steps=6000 ckpt_every=300 n_measure=16
  [seed 0] rules=13 corpus=1672 B heldout=74
  [real s0] step     0 | CE nan | acc 0.000 | rho_gw -0.002 | bimod 0.429 | effrank 29.4 | 52s
  [real s0] step   300 | CE 1.246 | acc 0.068 | rho_gw +0.020 | bimod 0.401 | effrank 14.2 | 57s
  [real s0] step   600 | CE 0.688 | acc 0.176 | rho_gw +0.005 | bimod 0.319 | effrank 17.2 | 62s
  [real s0] step   900 | CE 0.265 | acc 0.284 | rho_gw -0.019 | bimod 0.333 | effrank 19.5 | 67s
  [real s0] step  1200 | CE 0.105 | acc 0.284 | rho_gw -0.021 | bimod 0.335 | effrank 26.5 | 72s
  [real s0] step  1500 | CE 0.063 | acc 0.297 | rho_gw -0.013 | bimod 0.332 | effrank 24.4 | 76s
  [real s0] step  1800 | CE 0.050 | acc 0.311 | rho_gw +0.001 | bimod 0.329 | effrank 25.1 | 81s
  [real s0] step  2100 | CE 0.049 | acc 0.311 | rho_gw -0.004 | bimod 0.343 | effrank 24.1 | 85s
  [real s0] step  2400 | CE 0.047 | acc 0.311 | rho_gw +0.018 | bimod 0.325 | effrank 23.4 | 90s
  [real s0] step  2700 | CE 0.046 | acc 0.257 | rho_gw -0.042 | bimod 0.376 | effrank 20.2 | 94s
  [real s0] step  3000 | CE 0.044 | acc 0.297 | rho_gw +0.022 | bimod 0.318 | effrank 21.7 | 99s
  [real s0] step  3300 | CE 0.040 | acc 0.324 | rho_gw +0.027 | bimod 0.332 | effrank 23.1 | 103s
  [real s0] step  3600 | CE 0.042 | acc 0.324 | rho_gw +0.035 | bimod 0.325 | effrank 24.4 | 108s
  [real s0] step  3900 | CE 0.040 | acc 0.297 | rho_gw +0.052 | bimod 0.335 | effrank 23.7 | 112s
  [real s0] step  4200 | CE 0.042 | acc 0.324 | rho_gw +0.055 | bimod 0.338 | effrank 22.8 | 116s
  [real s0] step  4500 | CE 0.041 | acc 0.338 | rho_gw +0.060 | bimod 0.339 | effrank 22.9 | 121s
  [real s0] step  4800 | CE 0.037 | acc 0.284 | rho_gw +0.060 | bimod 0.337 | effrank 23.3 | 125s
  [real s0] step  5100 | CE 0.045 | acc 0.257 | rho_gw -0.009 | bimod 0.329 | effrank 33.1 | 130s
  [real s0] step  5400 | CE 0.039 | acc 0.297 | rho_gw +0.062 | bimod 0.341 | effrank 24.7 | 134s
  [real s0] step  5700 | CE 0.044 | acc 0.270 | rho_gw +0.065 | bimod 0.331 | effrank 23.6 | 139s
  [real s0] step  6000 | CE 0.040 | acc 0.311 | rho_gw +0.071 | bimod 0.340 | effrank 26.2 | 143s
  [shuffled s0] step     0 | CE nan | acc 0.000 | rho_gw +0.003 | bimod 0.486 | effrank 21.3 | 0s
  [shuffled s0] step   300 | CE 2.542 | acc 0.000 | rho_gw +0.014 | bimod 0.395 | effrank 15.6 | 4s
  [shuffled s0] step   600 | CE 2.550 | acc 0.000 | rho_gw +0.018 | bimod 0.408 | effrank 13.5 | 8s
  [shuffled s0] step   900 | CE 2.550 | acc 0.000 | rho_gw +0.021 | bimod 0.427 | effrank 12.3 | 11s
  [shuffled s0] step  1200 | CE 2.548 | acc 0.000 | rho_gw +0.022 | bimod 0.428 | effrank 13.1 | 15s
  [shuffled s0] step  1500 | CE 2.544 | acc 0.000 | rho_gw +0.024 | bimod 0.431 | effrank 10.2 | 19s
  [shuffled s0] step  1800 | CE 2.523 | acc 0.000 | rho_gw +0.025 | bimod 0.433 | effrank 11.7 | 22s
  [shuffled s0] step  2100 | CE 2.546 | acc 0.000 | rho_gw +0.027 | bimod 0.424 | effrank 12.7 | 26s
  [shuffled s0] step  2400 | CE 2.535 | acc 0.000 | rho_gw +0.029 | bimod 0.433 | effrank 10.6 | 30s
  [shuffled s0] step  2700 | CE 2.547 | acc 0.000 | rho_gw +0.029 | bimod 0.431 | effrank 10.6 | 33s
  [shuffled s0] step  3000 | CE 2.542 | acc 0.000 | rho_gw +0.031 | bimod 0.430 | effrank 12.7 | 37s
  [shuffled s0] step  3300 | CE 2.538 | acc 0.000 | rho_gw +0.032 | bimod 0.432 | effrank 11.9 | 41s
  [shuffled s0] step  3600 | CE 2.541 | acc 0.000 | rho_gw +0.033 | bimod 0.427 | effrank 13.0 | 45s
  [shuffled s0] step  3900 | CE 2.533 | acc 0.000 | rho_gw +0.035 | bimod 0.431 | effrank 11.8 | 48s
  [shuffled s0] step  4200 | CE 2.548 | acc 0.000 | rho_gw +0.035 | bimod 0.422 | effrank 15.2 | 52s
  [shuffled s0] step  4500 | CE 2.542 | acc 0.000 | rho_gw +0.037 | bimod 0.435 | effrank 13.0 | 56s
  [shuffled s0] step  4800 | CE 2.546 | acc 0.000 | rho_gw +0.038 | bimod 0.429 | effrank 13.8 | 59s
  [shuffled s0] step  5100 | CE 2.543 | acc 0.000 | rho_gw +0.039 | bimod 0.419 | effrank 13.7 | 63s
  [shuffled s0] step  5400 | CE 2.544 | acc 0.000 | rho_gw +0.040 | bimod 0.421 | effrank 10.9 | 67s
  [shuffled s0] step  5700 | CE 2.541 | acc 0.000 | rho_gw +0.041 | bimod 0.428 | effrank 14.7 | 70s
  [shuffled s0] step  6000 | CE 2.535 | acc 0.000 | rho_gw +0.043 | bimod 0.431 | effrank 12.4 | 74s
  [same s0] step     0 | CE nan | acc 0.000 | rho_gw -0.000 | bimod 0.397 | effrank 30.0 | 28s
  [same s0] step   300 | CE 0.053 | acc 0.068 | rho_gw +0.026 | bimod 0.356 | effrank 29.0 | 33s
  [same s0] step   600 | CE 0.013 | acc 0.054 | rho_gw +0.042 | bimod 0.423 | effrank 59.8 | 37s
  [same s0] step   900 | CE 0.011 | acc 0.054 | rho_gw +0.009 | bimod 0.293 | effrank 12.4 | 41s
  [same s0] step  1200 | CE 0.010 | acc 0.054 | rho_gw +0.021 | bimod 0.104 | effrank 18.8 | 46s
  [same s0] step  1500 | CE 0.010 | acc 0.054 | rho_gw -0.008 | bimod 0.361 | effrank 5.2 | 50s
  [same s0] step  1800 | CE 0.010 | acc 0.054 | rho_gw -0.010 | bimod 0.366 | effrank 3.5 | 54s
  [same s0] step  2100 | CE 0.010 | acc 0.054 | rho_gw -0.004 | bimod 0.141 | effrank 4.8 | 59s
  [same s0] step  2400 | CE 0.010 | acc 0.054 | rho_gw +0.001 | bimod 0.385 | effrank 5.1 | 63s
  [same s0] step  2700 | CE 0.010 | acc 0.054 | rho_gw -0.000 | bimod 0.348 | effrank 6.8 | 67s
  [same s0] step  3000 | CE 0.010 | acc 0.054 | rho_gw -0.001 | bimod 0.375 | effrank 5.6 | 72s
  [same s0] step  3300 | CE 0.010 | acc 0.054 | rho_gw +0.002 | bimod 0.371 | effrank 5.8 | 76s
  [same s0] step  3600 | CE 0.010 | acc 0.054 | rho_gw -0.004 | bimod 0.365 | effrank 4.5 | 80s
  [same s0] step  3900 | CE 0.010 | acc 0.054 | rho_gw +0.006 | bimod 0.374 | effrank 6.6 | 84s
  [same s0] step  4200 | CE 0.009 | acc 0.054 | rho_gw +0.005 | bimod 0.360 | effrank 5.5 | 88s
  [same s0] step  4500 | CE 0.009 | acc 0.054 | rho_gw +0.006 | bimod 0.386 | effrank 6.6 | 93s
  [same s0] step  4800 | CE 0.009 | acc 0.054 | rho_gw +0.007 | bimod 0.383 | effrank 6.2 | 97s
  [same s0] step  5100 | CE 0.009 | acc 0.054 | rho_gw +0.006 | bimod 0.366 | effrank 6.1 | 101s
  [same s0] step  5400 | CE 0.009 | acc 0.054 | rho_gw +0.002 | bimod 0.379 | effrank 5.5 | 105s
  [same s0] step  5700 | CE 0.009 | acc 0.054 | rho_gw +0.008 | bimod 0.150 | effrank 7.3 | 110s
  [same s0] step  6000 | CE 0.010 | acc 0.054 | rho_gw +0.011 | bimod 0.364 | effrank 6.1 | 114s
  [seed 1] rules=13 corpus=1672 B heldout=74
  [real s1] step     0 | CE nan | acc 0.000 | rho_gw +0.001 | bimod 0.429 | effrank 28.6 | 43s
  [real s1] step   300 | CE 1.257 | acc 0.027 | rho_gw +0.020 | bimod 0.333 | effrank 7.8 | 47s
  [real s1] step   600 | CE 0.705 | acc 0.081 | rho_gw +0.016 | bimod 0.302 | effrank 20.5 | 52s
  [real s1] step   900 | CE 0.246 | acc 0.162 | rho_gw +0.003 | bimod 0.315 | effrank 24.7 | 57s
  [real s1] step  1200 | CE 0.094 | acc 0.243 | rho_gw -0.017 | bimod 0.318 | effrank 24.6 | 62s
  [real s1] step  1500 | CE 0.056 | acc 0.297 | rho_gw -0.004 | bimod 0.333 | effrank 19.9 | 66s
  [real s1] step  1800 | CE 0.054 | acc 0.284 | rho_gw +0.005 | bimod 0.308 | effrank 22.2 | 71s
  [real s1] step  2100 | CE 0.050 | acc 0.230 | rho_gw -0.015 | bimod 0.327 | effrank 24.9 | 76s
  [real s1] step  2400 | CE 0.047 | acc 0.257 | rho_gw +0.009 | bimod 0.314 | effrank 24.4 | 81s
  [real s1] step  2700 | CE 0.043 | acc 0.257 | rho_gw +0.025 | bimod 0.307 | effrank 20.2 | 85s
  [real s1] step  3000 | CE 0.047 | acc 0.257 | rho_gw -0.027 | bimod 0.363 | effrank 16.0 | 90s
  [real s1] step  3300 | CE 0.043 | acc 0.257 | rho_gw +0.032 | bimod 0.315 | effrank 25.2 | 95s
  [real s1] step  3600 | CE 0.045 | acc 0.243 | rho_gw +0.042 | bimod 0.306 | effrank 23.0 | 99s
  [real s1] step  3900 | CE 0.044 | acc 0.243 | rho_gw +0.049 | bimod 0.323 | effrank 23.9 | 104s
  [real s1] step  4200 | CE 0.040 | acc 0.243 | rho_gw +0.044 | bimod 0.315 | effrank 25.0 | 109s
  [real s1] step  4500 | CE 0.043 | acc 0.243 | rho_gw +0.051 | bimod 0.306 | effrank 25.0 | 113s
  [real s1] step  4800 | CE 0.043 | acc 0.284 | rho_gw +0.050 | bimod 0.312 | effrank 26.0 | 118s
  [real s1] step  5100 | CE 0.037 | acc 0.257 | rho_gw +0.051 | bimod 0.315 | effrank 28.9 | 122s
  [real s1] step  5400 | CE 0.044 | acc 0.230 | rho_gw +0.057 | bimod 0.317 | effrank 23.8 | 127s
  [real s1] step  5700 | CE 0.042 | acc 0.203 | rho_gw +0.062 | bimod 0.319 | effrank 27.5 | 132s
  [real s1] step  6000 | CE 0.041 | acc 0.216 | rho_gw +0.064 | bimod 0.323 | effrank 25.0 | 137s
  [shuffled s1] step     0 | CE nan | acc 0.000 | rho_gw +0.001 | bimod 0.494 | effrank 18.2 | 0s
  [shuffled s1] step   300 | CE 2.536 | acc 0.000 | rho_gw +0.013 | bimod 0.415 | effrank 12.7 | 4s
  [shuffled s1] step   600 | CE 2.524 | acc 0.000 | rho_gw +0.017 | bimod 0.424 | effrank 13.6 | 8s
  [shuffled s1] step   900 | CE 2.524 | acc 0.000 | rho_gw +0.019 | bimod 0.441 | effrank 13.7 | 11s
  [shuffled s1] step  1200 | CE 2.530 | acc 0.000 | rho_gw +0.020 | bimod 0.445 | effrank 12.2 | 15s
  [shuffled s1] step  1500 | CE 2.523 | acc 0.000 | rho_gw +0.022 | bimod 0.430 | effrank 11.1 | 19s
  [shuffled s1] step  1800 | CE 2.541 | acc 0.000 | rho_gw +0.024 | bimod 0.421 | effrank 11.7 | 23s
  [shuffled s1] step  2100 | CE 2.537 | acc 0.000 | rho_gw +0.025 | bimod 0.436 | effrank 9.1 | 26s
  [shuffled s1] step  2400 | CE 2.535 | acc 0.000 | rho_gw +0.027 | bimod 0.437 | effrank 12.6 | 30s
  [shuffled s1] step  2700 | CE 2.555 | acc 0.000 | rho_gw +0.028 | bimod 0.426 | effrank 9.9 | 34s
  [shuffled s1] step  3000 | CE 2.530 | acc 0.000 | rho_gw +0.029 | bimod 0.428 | effrank 10.5 | 37s
  [shuffled s1] step  3300 | CE 2.537 | acc 0.000 | rho_gw +0.031 | bimod 0.432 | effrank 13.1 | 41s
  [shuffled s1] step  3600 | CE 2.524 | acc 0.000 | rho_gw +0.032 | bimod 0.439 | effrank 12.1 | 45s
  [shuffled s1] step  3900 | CE 2.546 | acc 0.000 | rho_gw +0.034 | bimod 0.440 | effrank 12.1 | 49s
  [shuffled s1] step  4200 | CE 2.533 | acc 0.000 | rho_gw +0.034 | bimod 0.432 | effrank 12.5 | 52s
  [shuffled s1] step  4500 | CE 2.545 | acc 0.000 | rho_gw +0.035 | bimod 0.431 | effrank 12.0 | 56s
  [shuffled s1] step  4800 | CE 2.533 | acc 0.000 | rho_gw +0.036 | bimod 0.446 | effrank 12.1 | 60s
  [shuffled s1] step  5100 | CE 2.535 | acc 0.000 | rho_gw +0.037 | bimod 0.426 | effrank 14.0 | 63s
  [shuffled s1] step  5400 | CE 2.526 | acc 0.000 | rho_gw +0.038 | bimod 0.431 | effrank 12.1 | 67s
  [shuffled s1] step  5700 | CE 2.522 | acc 0.000 | rho_gw +0.039 | bimod 0.420 | effrank 12.4 | 71s
  [shuffled s1] step  6000 | CE 2.530 | acc 0.000 | rho_gw +0.041 | bimod 0.445 | effrank 16.1 | 74s
  [same s1] step     0 | CE nan | acc 0.000 | rho_gw +0.005 | bimod 0.393 | effrank 26.9 | 15s
  [same s1] step   300 | CE 0.033 | acc 0.000 | rho_gw +0.029 | bimod 0.318 | effrank 31.4 | 21s
  [same s1] step   600 | CE 0.012 | acc 0.000 | rho_gw +0.051 | bimod 0.429 | effrank 66.4 | 27s
  [same s1] step   900 | CE 0.011 | acc 0.000 | rho_gw -0.007 | bimod 0.326 | effrank 4.7 | 33s
  [same s1] step  1200 | CE 0.010 | acc 0.000 | rho_gw -0.008 | bimod 0.360 | effrank 5.6 | 39s
  [same s1] step  1500 | CE 0.010 | acc 0.000 | rho_gw -0.008 | bimod 0.347 | effrank 5.7 | 45s
  [same s1] step  1800 | CE 0.010 | acc 0.000 | rho_gw -0.009 | bimod 0.373 | effrank 5.3 | 52s
  [same s1] step  2100 | CE 0.010 | acc 0.000 | rho_gw -0.003 | bimod 0.370 | effrank 6.7 | 58s
  [same s1] step  2400 | CE 0.010 | acc 0.014 | rho_gw +0.001 | bimod 0.362 | effrank 4.6 | 64s
  [same s1] step  2700 | CE 0.010 | acc 0.000 | rho_gw -0.006 | bimod 0.373 | effrank 6.4 | 70s
  [same s1] step  3000 | CE 0.010 | acc 0.000 | rho_gw +0.001 | bimod 0.371 | effrank 6.8 | 76s
  [same s1] step  3300 | CE 0.010 | acc 0.000 | rho_gw +0.003 | bimod 0.386 | effrank 6.1 | 82s
  [same s1] step  3600 | CE 0.010 | acc 0.000 | rho_gw -0.000 | bimod 0.395 | effrank 6.9 | 88s
  [same s1] step  3900 | CE 0.010 | acc 0.000 | rho_gw -0.003 | bimod 0.361 | effrank 5.1 | 95s
  [same s1] step  4200 | CE 0.010 | acc 0.000 | rho_gw -0.002 | bimod 0.387 | effrank 5.9 | 100s
  [same s1] step  4500 | CE 0.010 | acc 0.000 | rho_gw +0.005 | bimod 0.384 | effrank 7.0 | 107s
  [same s1] step  4800 | CE 0.010 | acc 0.000 | rho_gw +0.005 | bimod 0.371 | effrank 6.9 | 113s
  [same s1] step  5100 | CE 0.010 | acc 0.000 | rho_gw -0.003 | bimod 0.372 | effrank 6.0 | 119s
  [same s1] step  5400 | CE 0.010 | acc 0.000 | rho_gw +0.004 | bimod 0.367 | effrank 6.3 | 125s
  [same s1] step  5700 | CE 0.010 | acc 0.000 | rho_gw +0.011 | bimod 0.373 | effrank 6.2 | 131s
  [same s1] step  6000 | CE 0.010 | acc 0.000 | rho_gw +0.008 | bimod 0.367 | effrank 5.5 | 136s
  [seed 2] rules=13 corpus=1672 B heldout=74
  [real s2] step     0 | CE nan | acc 0.000 | rho_gw +0.001 | bimod 0.407 | effrank 23.1 | 52s
  [real s2] step   300 | CE 1.240 | acc 0.014 | rho_gw +0.017 | bimod 0.350 | effrank 9.6 | 57s
  [real s2] step   600 | CE 0.693 | acc 0.027 | rho_gw +0.006 | bimod 0.366 | effrank 12.1 | 63s
  [real s2] step   900 | CE 0.274 | acc 0.149 | rho_gw -0.004 | bimod 0.341 | effrank 25.0 | 68s
  [real s2] step  1200 | CE 0.128 | acc 0.257 | rho_gw -0.013 | bimod 0.346 | effrank 21.9 | 73s
  [real s2] step  1500 | CE 0.063 | acc 0.257 | rho_gw -0.008 | bimod 0.334 | effrank 24.9 | 78s
  [real s2] step  1800 | CE 0.060 | acc 0.284 | rho_gw +0.004 | bimod 0.328 | effrank 25.8 | 82s
  [real s2] step  2100 | CE 0.061 | acc 0.230 | rho_gw -0.015 | bimod 0.341 | effrank 23.0 | 87s
  [real s2] step  2400 | CE 0.048 | acc 0.243 | rho_gw +0.016 | bimod 0.330 | effrank 24.8 | 92s
  [real s2] step  2700 | CE 0.048 | acc 0.216 | rho_gw +0.019 | bimod 0.324 | effrank 24.7 | 97s
  [real s2] step  3000 | CE 0.043 | acc 0.243 | rho_gw +0.006 | bimod 0.332 | effrank 25.9 | 102s
  [real s2] step  3300 | CE 0.047 | acc 0.230 | rho_gw +0.030 | bimod 0.317 | effrank 19.0 | 106s
  [real s2] step  3600 | CE 0.042 | acc 0.216 | rho_gw +0.042 | bimod 0.328 | effrank 21.9 | 111s
  [real s2] step  3900 | CE 0.052 | acc 0.203 | rho_gw -0.042 | bimod 0.345 | effrank 20.0 | 116s
  [real s2] step  4200 | CE 0.039 | acc 0.243 | rho_gw +0.051 | bimod 0.333 | effrank 23.3 | 121s
  [real s2] step  4500 | CE 0.044 | acc 0.189 | rho_gw +0.052 | bimod 0.324 | effrank 24.2 | 125s
  [real s2] step  4800 | CE 0.043 | acc 0.243 | rho_gw -0.032 | bimod 0.351 | effrank 19.9 | 130s
  [real s2] step  5100 | CE 0.039 | acc 0.257 | rho_gw +0.057 | bimod 0.330 | effrank 20.0 | 135s
  [real s2] step  5400 | CE 0.041 | acc 0.270 | rho_gw +0.058 | bimod 0.334 | effrank 24.8 | 140s
  [real s2] step  5700 | CE 0.041 | acc 0.203 | rho_gw -0.035 | bimod 0.317 | effrank 24.8 | 144s
  [real s2] step  6000 | CE 0.041 | acc 0.216 | rho_gw +0.067 | bimod 0.332 | effrank 21.6 | 149s
  [shuffled s2] step     0 | CE nan | acc 0.000 | rho_gw -0.003 | bimod 0.489 | effrank 16.7 | 0s
  [shuffled s2] step   300 | CE 2.553 | acc 0.000 | rho_gw +0.015 | bimod 0.394 | effrank 14.7 | 4s
  [shuffled s2] step   600 | CE 2.538 | acc 0.000 | rho_gw +0.017 | bimod 0.411 | effrank 12.0 | 8s
  [shuffled s2] step   900 | CE 2.547 | acc 0.000 | rho_gw +0.020 | bimod 0.428 | effrank 12.3 | 12s
  [shuffled s2] step  1200 | CE 2.534 | acc 0.000 | rho_gw +0.020 | bimod 0.432 | effrank 8.9 | 16s
  [shuffled s2] step  1500 | CE 2.553 | acc 0.000 | rho_gw +0.021 | bimod 0.450 | effrank 10.4 | 19s
  [shuffled s2] step  1800 | CE 2.531 | acc 0.000 | rho_gw +0.022 | bimod 0.448 | effrank 9.7 | 23s
  [shuffled s2] step  2100 | CE 2.542 | acc 0.000 | rho_gw +0.024 | bimod 0.459 | effrank 11.9 | 27s
  [shuffled s2] step  2400 | CE 2.543 | acc 0.000 | rho_gw +0.026 | bimod 0.468 | effrank 13.4 | 31s
  [shuffled s2] step  2700 | CE 2.543 | acc 0.000 | rho_gw +0.026 | bimod 0.450 | effrank 8.3 | 35s
  [shuffled s2] step  3000 | CE 2.540 | acc 0.000 | rho_gw +0.027 | bimod 0.440 | effrank 10.8 | 39s
  [shuffled s2] step  3300 | CE 2.544 | acc 0.000 | rho_gw +0.028 | bimod 0.460 | effrank 10.4 | 42s
  [shuffled s2] step  3600 | CE 2.538 | acc 0.000 | rho_gw +0.029 | bimod 0.449 | effrank 12.3 | 46s
  [shuffled s2] step  3900 | CE 2.542 | acc 0.000 | rho_gw +0.029 | bimod 0.453 | effrank 10.2 | 50s
  [shuffled s2] step  4200 | CE 2.551 | acc 0.000 | rho_gw +0.031 | bimod 0.458 | effrank 12.4 | 54s
  [shuffled s2] step  4500 | CE 2.543 | acc 0.000 | rho_gw +0.032 | bimod 0.462 | effrank 11.5 | 58s
  [shuffled s2] step  4800 | CE 2.541 | acc 0.000 | rho_gw +0.032 | bimod 0.444 | effrank 8.7 | 61s
  [shuffled s2] step  5100 | CE 2.540 | acc 0.000 | rho_gw +0.034 | bimod 0.455 | effrank 10.1 | 65s
  [shuffled s2] step  5400 | CE 2.542 | acc 0.000 | rho_gw +0.035 | bimod 0.450 | effrank 11.4 | 69s
  [shuffled s2] step  5700 | CE 2.539 | acc 0.000 | rho_gw +0.036 | bimod 0.443 | effrank 10.0 | 73s
  [shuffled s2] step  6000 | CE 2.550 | acc 0.000 | rho_gw +0.037 | bimod 0.454 | effrank 12.5 | 76s
  [same s2] step     0 | CE nan | acc 0.000 | rho_gw -0.002 | bimod 0.396 | effrank 27.3 | 45s
  [same s2] step   300 | CE 0.032 | acc 0.014 | rho_gw +0.026 | bimod 0.348 | effrank 28.2 | 52s
  [same s2] step   600 | CE 0.015 | acc 0.014 | rho_gw +0.050 | bimod 0.417 | effrank 55.1 | 59s
  [same s2] step   900 | CE 0.013 | acc 0.014 | rho_gw +0.000 | bimod 0.302 | effrank 5.4 | 66s
  [same s2] step  1200 | CE 0.013 | acc 0.014 | rho_gw -0.003 | bimod 0.332 | effrank 4.0 | 73s
  [same s2] step  1500 | CE 0.012 | acc 0.014 | rho_gw +0.009 | bimod 0.360 | effrank 10.5 | 81s
  [same s2] step  1800 | CE 0.012 | acc 0.014 | rho_gw +0.004 | bimod 0.380 | effrank 4.5 | 87s
  [same s2] step  2100 | CE 0.012 | acc 0.014 | rho_gw +0.052 | bimod 0.418 | effrank 52.8 | 95s
  [same s2] step  2400 | CE 0.012 | acc 0.014 | rho_gw +0.019 | bimod 0.350 | effrank 14.9 | 102s
  [same s2] step  2700 | CE 0.012 | acc 0.014 | rho_gw +0.009 | bimod 0.377 | effrank 4.3 | 109s
  [same s2] step  3000 | CE 0.012 | acc 0.014 | rho_gw +0.008 | bimod 0.356 | effrank 7.5 | 115s
  [same s2] step  3300 | CE 0.012 | acc 0.014 | rho_gw +0.012 | bimod 0.367 | effrank 7.8 | 122s
  [same s2] step  3600 | CE 0.012 | acc 0.014 | rho_gw +0.010 | bimod 0.373 | effrank 5.5 | 129s
  [same s2] step  3900 | CE 0.012 | acc 0.014 | rho_gw +0.011 | bimod 0.387 | effrank 5.3 | 136s
  [same s2] step  4200 | CE 0.012 | acc 0.014 | rho_gw +0.004 | bimod 0.365 | effrank 4.3 | 142s
  [same s2] step  4500 | CE 0.012 | acc 0.014 | rho_gw +0.012 | bimod 0.404 | effrank 6.5 | 149s
  [same s2] step  4800 | CE 0.012 | acc 0.014 | rho_gw +0.025 | bimod 0.111 | effrank 12.4 | 156s
  [same s2] step  5100 | CE 0.012 | acc 0.027 | rho_gw +0.015 | bimod 0.140 | effrank 9.9 | 163s
  [same s2] step  5400 | CE 0.012 | acc 0.014 | rho_gw +0.015 | bimod 0.413 | effrank 5.5 | 170s
  [same s2] step  5700 | CE 0.012 | acc 0.014 | rho_gw +0.011 | bimod 0.392 | effrank 6.8 | 177s
  [same s2] step  6000 | CE 0.012 | acc 0.014 | rho_gw +0.011 | bimod 0.382 | effrank 6.5 | 184s

  ==== FROZEN-BASIS GRADIENT TOMOGRAPHY ====
  [real] rho_gw [0.0674, 0.0028] bimod [0.3313, 0.0068] effrank [24.2377, 1.9456] (base [27.057, 2.818]) | frozen_flip [0.0075, 0.0006] active_flip [0.0057, 0.0004] | acc [0.2477, 0.0446]
  [shuffled] rho_gw [0.0407, 0.0025] bimod [0.4432, 0.0093] effrank [13.686, 1.6992] (base [18.7397, 1.9244]) | frozen_flip [0.0028, 0.0001] active_flip [0.0065, 0.0002] | acc [0.0, 0.0]
  [same] rho_gw [0.01, 0.0013] bimod [0.371, 0.0075] effrank [6.0213, 0.3996] (base [28.0833, 1.3891]) | frozen_flip [0.0007, 0.0001] active_flip [0.0005, 0.0] | acc [0.0225, 0.023]

  VERDICT (real vs shuffled null):
   A photograph  : effrank(real)-effrank(shuf) = 10.5517 (want < 0)
   B bimodal     : rho(real)-rho(shuf) = 0.0267 (want > 0)
   C route-around: active/frozen flip real=0.76 vs shuf=2.321 (want real>>1)

  wrote /Users/mwhitford/src/verbum/results/gd-frozen-basis/verdict_multiseed.json  (1089.8s)
