Warning: You are sending unauthenticated requests to the HF Hub. Please set a HF_TOKEN to enable higher rate limits and faster downloads.

══════════════════════════════════════════════════════════════════════
  Crystal φ Verification — Unified Probe Library
══════════════════════════════════════════════════════════════════════
  Model: WeiboAI/VibeThinker-3B
  Device: mps
  Combinators: K, I, B, C, S, D, W, Y, WHNF
  Probes per combinator:
    K     : 67
    I     : 67
    B     : 69
    C     : 61
    S     : 50
    D     : 50
    W     : 71
    Y     : 50
    WHNF  : 50
  Total probes: 535

  Loading WeiboAI/VibeThinker-3B...
Loading weights:   0%|          | 0/434 [00:00<?, ?it/s]Loading weights:   0%|          | 1/434 [00:00<00:58,  7.40it/s]Loading weights:  25%|██▍       | 107/434 [00:00<00:00, 515.47it/s]Loading weights:  41%|████      | 179/434 [00:00<00:00, 573.48it/s]Loading weights:  56%|█████▌    | 243/434 [00:00<00:00, 592.47it/s]Loading weights:  73%|███████▎  | 315/434 [00:00<00:00, 608.30it/s]Loading weights:  88%|████████▊ | 383/434 [00:00<00:00, 620.44it/s]Loading weights: 100%|██████████| 434/434 [00:00<00:00, 578.44it/s]
  Loaded in 2.9s: 36 layers, d=2048, d_ff=11008
  Zone B layers: [10, 15, 20, 25]

  Running 535 combinator probes...
  Total activations: 535 probes × 11008 dims
  Per combinator: {'K': 67, 'I': 67, 'B': 69, 'C': 61, 'S': 50, 'D': 50, 'W': 71, 'Y': 50, 'WHNF': 50}

  PCA variance explained (top 10):
    PC0: 21.4%  (cum: 21.4%)
    PC1: 5.5%  (cum: 26.9%)
    PC2: 4.4%  (cum: 31.4%)
    PC3: 4.1%  (cum: 35.5%)
    PC4: 3.4%  (cum: 38.9%)
    PC5: 2.6%  (cum: 41.5%)
    PC6: 2.2%  (cum: 43.6%)
    PC7: 2.1%  (cum: 45.7%)
    PC8: 2.0%  (cum: 47.7%)
    PC9: 1.8%  (cum: 49.5%)
  Done in 31.6s (16.9 probes/s)

  9×9 cosine matrix:
                K       I       B       C       S       D       W       Y    WHNF
       K:  1.000   0.065  -0.034   0.460  -0.436  -0.073  -0.513  -0.533  -0.209
       I:  0.065   1.000  -0.295   0.111  -0.566  -0.222   0.181  -0.261   0.051
       B: -0.034  -0.295   1.000   0.224  -0.098   0.596  -0.239  -0.293  -0.446
       C:  0.460   0.111   0.224   1.000  -0.619   0.238  -0.248  -0.575  -0.633
       S: -0.436  -0.566  -0.098  -0.619   1.000   0.084  -0.146   0.624   0.196
       D: -0.073  -0.222   0.596   0.238   0.084   1.000  -0.275  -0.349  -0.559
       W: -0.513   0.181  -0.239  -0.248  -0.146  -0.275   1.000   0.198   0.068
       Y: -0.533  -0.261  -0.293  -0.575   0.624  -0.349   0.198   1.000   0.223
    WHNF: -0.209   0.051  -0.446  -0.633   0.196  -0.559   0.068   0.223   1.000

======================================================================
  PHI STRUCTURE CHECK — WeiboAI/VibeThinker-3B
======================================================================

  C = λ₀ = 3.249245   φ = 1.618034

  FIXED-REFERENCE deviation (pre-registered φ powers — the real metric):
    L0/L1 = 1.5084   target phi^(+0.80) = 1.4696   |delta| = 0.0388
    ! raw closeness is NOT evidence: random labelings already sit
      near phi^(4/5) (null median L0/L1 ~ 1.55-1.66). Gate on the
      permutation null; a phi claim counts only if it BEATS it (p<0.05).

  ! FORCED (describability-only): best phi^(p/q) per PC. A q<=12 grid
    fits ANY spectrum to ~0.1-0.2%, so these errors carry ZERO evidence.
    PC   Eigenvalue      log_φ   Best p/q    Predicted    Error
  ──── ──────────── ────────── ────────── ──────────── ────────
     0     3.249245     0.0000    0/1         3.249245    0.00%
     1     2.154123    -0.8542   -6/7         2.151049    0.14%
     2     1.337044    -1.8453  -13/7         1.329421    0.57%
     3     0.779697    -2.9660   -3/1         0.767043    1.62%
     4     0.590555    -3.5434  -39/11        0.589965    0.10%
     5     0.431395    -4.1960  -21/5         0.430561    0.19%
     6     0.320619    -4.8127  -53/11        0.319773    0.26%
     7     0.137322    -6.5748  -46/7         0.137542    0.16%
     8     0.000000  (near zero)

======================================================================
  CONSENSUS COMPARISON (8 combinators: K, I, B, C, D, Y, W, WHNF)
======================================================================
  Cosine matrix correlation:    0.521668
  Eigenvalue ratio correlation: 0.968786

  Top cosine deviations from consensus:
        Pair   Measured  Consensus        Δ
         C-Y     -0.575      0.720   -1.295
         D-W     -0.275      0.806   -1.081
         K-W     -0.513      0.536   -1.049
         D-Y     -0.349      0.680   -1.029
         C-W     -0.248      0.732   -0.980
         B-Y     -0.293      0.662   -0.955
         B-W     -0.239      0.685   -0.924
         K-I      0.065      0.786   -0.722

  B-D similarity: 0.596 (consensus: 0.894)
    D=BB compound structure weak
  K-I similarity: 0.065 (consensus: 0.786)
    Selection cluster weak

  Results saved to results/crystal-phi-verify/WeiboAI_VibeThinker-3B.json
══════════════════════════════════════════════════════════════════════

