==========================================================================================
  Convert & Test — pythia-2.8b → svd ternary
  SVD rank: 64
==========================================================================================

  Loading tokenizer...
Warning: You are sending unauthenticated requests to the HF Hub. Please set a HF_TOKEN to enable higher rate limits and faster downloads.

  Loading model for conversion...
`torch_dtype` is deprecated! Use `dtype` instead!
Loading weights:   0%|          | 0/388 [00:00<?, ?it/s]Loading weights:   0%|          | 1/388 [00:00<01:22,  4.68it/s]Loading weights:  21%|██        | 80/388 [00:00<00:00, 317.89it/s]Loading weights:  45%|████▍     | 173/388 [00:00<00:00, 539.59it/s]Loading weights:  62%|██████▏   | 241/388 [00:00<00:00, 578.11it/s]Loading weights:  87%|████████▋ | 336/388 [00:00<00:00, 695.89it/s]Loading weights: 100%|██████████| 388/388 [00:00<00:00, 577.41it/s]
  Original: 2775.2M params, 5293 MB

  Converting (svd)...
/Users/mwhitford/src/verbum/scripts/v12/convert_and_test.py:126: UserWarning: The operator 'aten::linalg_svd' is not currently supported on the MPS backend and will fall back to run on the CPU. This may have performance implications. (Triggered internally at /Users/runner/work/pytorch/pytorch/pytorch/aten/src/ATen/mps/MPSFallback.mm:34.)
  U, S, Vt = torch.linalg.svd(W, full_matrices=False)
    Layer 10 done
    Layer 20 done
    Layer 30 done
  Conversion done in 258.8s

  ─── Conversion Results ───
    mode: svd_ternary
    rank: 64
    total_original_params: 2516582400
    plate_params: 36700160
    beam_params: 47194112
    plate_bytes: 9175040
    plate_mb: 8.7500
    beam_bytes: 94388224
    beam_mb: 90.0156
    total_mb: 98.7656
    compression_vs_bf16: 48.5999

  ─── Converted Model Generation ───
The attention mask and the pad token id were not set. As a consequence, you may observe unexpected behavior. Please pass your input's `attention_mask` to obtain reliable results.
Setting `pad_token_id` to `eos_token_id`:0 for open-end generation.
The attention mask is not set and cannot be inferred from input because pad token is same as eos token. As a consequence, you may observe unexpected behavior. Please pass your input's `attention_mask` to obtain reliable results.
The attention mask and the pad token id were not set. As a consequence, you may observe unexpected behavior. Please pass your input's `attention_mask` to obtain reliable results.
Setting `pad_token_id` to `eos_token_id`:0 for open-end generation.
The attention mask and the pad token id were not set. As a consequence, you may observe unexpected behavior. Please pass your input's `attention_mask` to obtain reliable results.
Setting `pad_token_id` to `eos_token_id`:0 for open-end generation.
The attention mask and the pad token id were not set. As a consequence, you may observe unexpected behavior. Please pass your input's `attention_mask` to obtain reliable results.
Setting `pad_token_id` to `eos_token_id`:0 for open-end generation.
The attention mask and the pad token id were not set. As a consequence, you may observe unexpected behavior. Please pass your input's `attention_mask` to obtain reliable results.
Setting `pad_token_id` to `eos_token_id`:0 for open-end generation.
The attention mask and the pad token id were not set. As a consequence, you may observe unexpected behavior. Please pass your input's `attention_mask` to obtain reliable results.
Setting `pad_token_id` to `eos_token_id`:0 for open-end generation.
The attention mask and the pad token id were not set. As a consequence, you may observe unexpected behavior. Please pass your input's `attention_mask` to obtain reliable results.
Setting `pad_token_id` to `eos_token_id`:0 for open-end generation.
The attention mask and the pad token id were not set. As a consequence, you may observe unexpected behavior. Please pass your input's `attention_mask` to obtain reliable results.
Setting `pad_token_id` to `eos_token_id`:0 for open-end generation.
    The capital of France is acknowPLIED thous acknow thous acknow thous acknow acknow acknowCHANT thous acknow acknowCHANT 
    def fibonacci(n):\n     extraordin acknow acknow acknow acknow acknow acknow acknow acknow acknow acknow acknow acknow ac
    In quantum mechanics, the wave function acknow acknow acknow acknow acknow acknow thous acknow acknow thous acknow)}/\ a
    Once upon a time in a land far away, acknow thous thous acknow thous acknow thous acknow thous acknow thous acknow thous
    The meaning of life is acknow acknow thous acknow thous acknow thous acknow acknow thous acknow thous acknow acknow thou
    λx.λy.x is the combinator known as thous S P thous S acknow)}/\)}/\CHANT acknow thous acknow)}/\ answ acknow)}/\)}/\ ack
    To compile a Haskell program, you need to acknow acknow acknow acknow acknow acknow acknow acknow acknow acknow acknow a
    The Pythagorean theorem states that\n acknow thous acknow thous acknow thous acknow thous acknow thous acknow thous ackno

  💾 results/conversion-test/convert_pythia-2.8b_svd_k64.json

==========================================================================================
  SUMMARY: pythia-2.8b → svd (rank=64)
    Plate: 8.8 MB (ternary)
    Beam:  90.0 MB (continuous)
    Total: 98.8 MB (48.6× vs bf16)
  Total time: 279s (4.6min)
==========================================================================================
