Crystal Latching v2 — SVD neighborhood + basin probing

  Model: d=96, layers=3
  Params: 110592 plate, 34485 continuous

============================================================
  Phase 1: Collecting 8 gradient views
============================================================
    View 0/8: loss=3.2379
    View 1/8: loss=3.2465
    View 2/8: loss=3.2233
    View 3/8: loss=3.2598
    View 4/8: loss=3.1533
    View 5/8: loss=3.1864
    View 6/8: loss=3.2774
    View 7/8: loss=3.1898

============================================================
  Phase 2: Etching plates (8-rot sign accumulation)
============================================================
    Rotation 0/8: mean_loss=3.2368
    Rotation 1/8: mean_loss=3.1872
    Rotation 2/8: mean_loss=3.3133
    Rotation 3/8: mean_loss=3.1967
    Rotation 4/8: mean_loss=3.1519
    Rotation 5/8: mean_loss=3.2321
    Rotation 6/8: mean_loss=3.2617
    Rotation 7/8: mean_loss=3.2152
  Etched: 16712 flips (15.1%)

============================================================
  Phase 3: Q strategies (same plates for all)
============================================================

  --- Random Q #0 ---
    Init: loss=4.4252 acc=0.024
    Final: acc=0.371 loss=1.8345 GD=1.8720 Q-σ=0.069 (12.5s)
    GD trajectory (first 100): ['4.382', '2.330', '2.187', '2.062', '1.996', '1.891', '2.047', '1.907', '1.979', '1.878']

  --- Random Q #1 ---
    Init: loss=5.1441 acc=0.159
    Final: acc=0.389 loss=1.7079 GD=1.7194 Q-σ=0.068 (11.4s)
    GD trajectory (first 100): ['5.099', '2.453', '2.115', '2.010', '1.890', '2.022', '2.059', '1.932', '2.037', '1.876']

  --- Random Q #2 ---
    Init: loss=4.7417 acc=0.123
    Final: acc=0.415 loss=1.6625 GD=1.8046 Q-σ=0.070 (12.5s)
    GD trajectory (first 100): ['4.665', '2.217', '1.867', '1.994', '1.958', '1.835', '1.844', '1.887', '1.803', '1.718']

  --- SVD Q ---
    Init: loss=4.6215 acc=0.138
    Final: acc=0.438 loss=1.5506 GD=1.6844 Q-σ=0.086 (12.8s)
    GD trajectory (first 100): ['4.688', '2.067', '1.905', '1.760', '1.722', '1.674', '1.799', '1.694', '1.892', '1.590']

  --- Multi-restart random (8×) ---

  --- Multi-restart 8× ---
    Init: loss=3.9575 acc=0.145
    Final: acc=0.432 loss=1.7044 GD=1.6579 Q-σ=0.087 (12.2s)
    GD trajectory (first 100): ['3.993', '2.246', '1.938', '1.833', '1.948', '1.936', '1.880', '1.948', '1.766', '1.800']

  --- SVD neighborhood probe (8×, steepest) ---
    Candidate 0: init=4.080 → final=1.860  steep=0.0444
    Candidate 1: init=2.322 → final=1.653  steep=0.0134
    Candidate 2: init=2.902 → final=1.923  steep=0.0196
    Candidate 3: init=2.541 → final=1.625  steep=0.0183
    Candidate 4: init=2.342 → final=1.821  steep=0.0104
    Candidate 5: init=2.145 → final=1.820  steep=0.0065
    Candidate 6: init=2.554 → final=1.670  steep=0.0177
    Candidate 7: init=2.601 → final=1.763  steep=0.0168
    Selected candidate 0 (steepest): init=4.080 final=1.860

  --- SVD+probe steep 8× ---
    Init: loss=1.9784 acc=0.285
    Final: acc=0.379 loss=1.8819 GD=1.8616 Q-σ=0.082 (12.4s)
    GD trajectory (first 100): ['2.065', '2.079', '2.083', '2.033', '2.012', '1.973', '1.920', '1.939', '1.999', '2.066']

  --- SVD neighborhood probe (16×, steepest) ---
    Candidate 0: init=2.311 → final=1.679  steep=0.0126
    Candidate 1: init=2.173 → final=1.601  steep=0.0114
    Candidate 2: init=2.379 → final=1.746  steep=0.0127
    Candidate 3: init=2.108 → final=1.773  steep=0.0067
    Candidate 4: init=2.450 → final=1.857  steep=0.0118
    Candidate 5: init=2.334 → final=1.572  steep=0.0152
    Candidate 6: init=2.841 → final=1.831  steep=0.0202
    Candidate 7: init=2.068 → final=1.755  steep=0.0063
    Candidate 8: init=2.476 → final=1.608  steep=0.0174
    Candidate 9: init=2.092 → final=1.859  steep=0.0047
    Candidate 10: init=3.380 → final=1.607  steep=0.0355
    Candidate 11: init=2.601 → final=1.669  steep=0.0187
    Candidate 12: init=2.797 → final=1.739  steep=0.0212
    Candidate 13: init=2.566 → final=1.698  steep=0.0174
    Candidate 14: init=2.429 → final=1.735  steep=0.0139
    Candidate 15: init=2.266 → final=1.774  steep=0.0098
    Selected candidate 10 (steepest): init=3.380 final=1.607

  --- SVD+probe steep 16× ---
    Init: loss=2.3196 acc=0.280
    Final: acc=0.450 loss=1.5180 GD=1.5740 Q-σ=0.084 (12.3s)
    GD trajectory (first 100): ['2.309', '1.816', '1.706', '1.978', '1.859', '1.751', '1.699', '1.696', '1.718', '1.736']

  --- SVD neighborhood probe (8×, lowest loss) ---
    Candidate 0: init=2.764 → final=1.891  steep=0.0174
    Candidate 1: init=2.454 → final=1.691  steep=0.0153
    Candidate 2: init=2.875 → final=1.803  steep=0.0214
    Candidate 3: init=2.447 → final=1.749  steep=0.0140
    Candidate 4: init=2.347 → final=1.656  steep=0.0138
    Candidate 5: init=2.201 → final=1.724  steep=0.0096
    Candidate 6: init=2.681 → final=1.975  steep=0.0141
    Candidate 7: init=2.435 → final=1.690  steep=0.0149
    Selected candidate 4 (lowest): init=2.347 final=1.656

  --- SVD+probe low 8× ---
    Init: loss=2.1466 acc=0.311
    Final: acc=0.443 loss=1.7088 GD=1.5753 Q-σ=0.079 (12.4s)
    GD trajectory (first 100): ['2.124', '1.821', '1.802', '1.792', '1.803', '2.052', '1.910', '1.814', '1.802', '1.778']

============================================================
  SUMMARY
============================================================
  Method                       Init     Acc   GD loss     Q-σ
  -------------------------  ------  ------  --------  ------
  Random Q #0                 4.425   0.371    1.8720   0.069
  Random Q #1                 5.144   0.389    1.7194   0.068
  Random Q #2                 4.742   0.415    1.8046   0.070
  SVD Q                       4.622   0.438    1.6844   0.086
  Multi-restart 8×            3.958   0.432    1.6579   0.087
  SVD+probe steep 8×          1.978   0.379    1.8616   0.082
  SVD+probe steep 16×         2.320   0.450    1.5740   0.084
  SVD+probe low 8×            2.147   0.443    1.5753   0.079

  Results saved to results/crystal-latch-v2/results.json
