==========================================================================================
  Holographic Weight Test — Superimpose Weight Matrices
  Models: ['pythia-2.8b']
  PCA dim: 64
==========================================================================================
  Loaded 144 probes

  ─── pythia-2.8b (EleutherAI/pythia-2.8b-deduped) ───
Warning: You are sending unauthenticated requests to the HF Hub. Please set a HF_TOKEN to enable higher rate limits and faster downloads.
`torch_dtype` is deprecated! Use `dtype` instead!
Loading weights:   0%|          | 0/388 [00:00<?, ?it/s]Loading weights:   0%|          | 1/388 [00:00<01:20,  4.79it/s]Loading weights:  25%|██▍       | 96/388 [00:00<00:00, 378.14it/s]Loading weights:  44%|████▍     | 172/388 [00:00<00:00, 515.21it/s]Loading weights:  61%|██████    | 236/388 [00:00<00:00, 520.08it/s]Loading weights:  81%|████████  | 314/388 [00:00<00:00, 599.35it/s]Loading weights: 100%|██████████| 388/388 [00:00<00:00, 543.53it/s]
  Layer 3 (10%): W_q=(2560, 2560), W_up=(10240, 2560)
  Layer 9 (30%): W_q=(2560, 2560), W_up=(10240, 2560)
  Layer 16 (50%): W_q=(2560, 2560), W_up=(10240, 2560)
  Layer 22 (70%): W_q=(2560, 2560), W_up=(10240, 2560)
  Layer 28 (90%): W_q=(2560, 2560), W_up=(10240, 2560)
  Running 144 probes...
    50/144...
    100/144...
  Done in 14.3s

  Testing depth 10%...

  Testing depth 30%...

  Testing depth 50%...

  Testing depth 70%...

  Testing depth 90%...

==============================================================================================================
  HOLOGRAPHIC WEIGHT TEST — Superimpose W_q and W_up in d_model Space
==============================================================================================================

  ╔══ PYTHIA-2.8B ══╗

  depth   angle   sep_q  sep_up   uni_q  uni_up  uni_qx  uni_ux   sup_q  sup_up  sup_qx  sup_ux  compr
  ────────────────────────────────────────────────────────────────────────────────────────────────────
    10%   70.6°  +0.491  +0.507  +0.778  +0.776  +0.728  +0.764  +0.778  +0.536  +0.728  +0.474  100.0×
    30%   64.0°  +0.432  +0.424  +0.823  +0.846  +0.794  +0.828  +0.823  +0.528  +0.794  +0.464  100.0×
    50%   67.7°  +0.427  +0.447  +0.815  +0.811  +0.764  +0.773  +0.815  +0.502  +0.764  +0.446  100.0×
    70%   71.5°  +0.217  +0.454  +0.635  +0.638  +0.717  +0.325  +0.635  +0.656  +0.717  +0.330  100.0×
    90%   71.9°  +0.409  +0.426  +0.744  +0.764  +0.728  +0.461  +0.744  +0.634  +0.728  +0.388  100.0×

  Principal angles (top 10): 28.8°, 37.8°, 40.9°, 42.1°, 43.1°, 44.9°, 45.4°, 48.0°, 49.2°, 49.8°
  Orthogonalized overlap: max=0.000000, mean=0.000000
  Sizes: separate=8000KB, unified=80KB (100.0× compression)

==============================================================================================================
  SUMMARY (mean across all depths and models):
    Separate ternary: Q=+0.395, FFN=+0.451
    Unified plate:    Q=+0.759, FFN=+0.767
    Superposed plate: Q=+0.759, FFN=+0.571
  ★★★ HOLOGRAPHIC PLATE WORKS (superposed)
==============================================================================================================

  💾 results/holographic-lens/holographic_weight_results.json
  Total: 56s (0.9min)
