==========================================================================================
  Holographic Lens Test — Unified Ternary Plate for Both Crystals
  Models: ['pythia-2.8b']
  Plate dims: [16, 32, 64, 128, 256, 512]
  Crystal PCA dim: 64
==========================================================================================
  Loaded 144 probes

  ─── pythia-2.8b (EleutherAI/pythia-2.8b-deduped) ───
  Layers: [(3, '10%'), (9, '30%'), (16, '50%'), (22, '70%'), (28, '90%')]
Warning: You are sending unauthenticated requests to the HF Hub. Please set a HF_TOKEN to enable higher rate limits and faster downloads.
`torch_dtype` is deprecated! Use `dtype` instead!
Loading weights:   0%|          | 0/388 [00:00<?, ?it/s]Loading weights:   0%|          | 1/388 [00:00<01:11,  5.39it/s]Loading weights:  14%|█▍        | 56/388 [00:00<00:01, 241.49it/s]Loading weights:  37%|███▋      | 143/388 [00:00<00:00, 476.10it/s]Loading weights:  63%|██████▎   | 246/388 [00:00<00:00, 669.83it/s]Loading weights:  89%|████████▊ | 344/388 [00:00<00:00, 757.37it/s]Loading weights: 100%|██████████| 388/388 [00:00<00:00, 609.35it/s]
  Running 144 probes...
    50/144...
    100/144...
  Done in 14.6s

  Testing depth 10%: H=(144, 2560), Q=(144, 2560), up=(144, 10240)

  Testing depth 30%: H=(144, 2560), Q=(144, 2560), up=(144, 10240)

  Testing depth 50%: H=(144, 2560), Q=(144, 2560), up=(144, 10240)

  Testing depth 70%: H=(144, 2560), Q=(144, 2560), up=(144, 10240)

  Testing depth 90%: H=(144, 2560), Q=(144, 2560), up=(144, 10240)

==============================================================================================================
  HOLOGRAPHIC LENS TEST — Can One Ternary Plate Encode Both Crystals?
==============================================================================================================

  ╔══ PYTHIA-2.8B ══╗

  Depth 10%:  cross_crystal=+0.912  hidden→Q=+0.484  hidden→FFN=+0.498  CC_top3=[1.000, 1.000, 1.000]

  Depth 30%:  cross_crystal=+0.956  hidden→Q=+0.426  hidden→FFN=+0.412  CC_top3=[1.000, 1.000, 1.000]

  Depth 50%:  cross_crystal=+0.920  hidden→Q=+0.418  hidden→FFN=+0.436  CC_top3=[1.000, 1.000, 1.000]

  Depth 70%:  cross_crystal=+0.650  hidden→Q=+0.190  hidden→FFN=+0.472  CC_top3=[1.000, 1.000, 1.000]

  Depth 90%:  cross_crystal=+0.565  hidden→Q=+0.161  hidden→FFN=+0.449  CC_top3=[1.000, 1.000, 1.000]

  depth     k    plate  attn_t   ffn_t  attn_c   ffn_c  q_beam   q_xtk   up_bm   up_xt  q_d  up_d   sh
  ────────────────────────────────────────────────────────────────────────────────────────────────────
    10%    16      10K  +0.418  +0.381  +0.480  +0.490  +0.348  +0.278  +0.273  +0.253    2     0   14
    10%    32      20K  +0.357  +0.335  +0.482  +0.493  +0.321  +0.255  +0.237  +0.215    2     0   30
    10%    64      40K  +0.282  +0.274  +0.484  +0.498  +0.265  +0.212  +0.197  +0.170    2     0   62
    10%   128      80K  +0.162  +0.158  +0.484  +0.498  +0.151  +0.109  +0.119  +0.090    2     0  126
    30%    16      10K  +0.372  +0.373  +0.422  +0.407  +0.368  +0.339  +0.199  +0.168    0     0   16
    30%    32      20K  +0.284  +0.296  +0.424  +0.409  +0.352  +0.324  +0.158  +0.126    0     0   32
    30%    64      40K  +0.197  +0.209  +0.425  +0.412  +0.215  +0.193  +0.118  +0.089    0     0   64
    30%   128      80K  +0.067  +0.073  +0.426  +0.412  +0.072  +0.051  +0.051  +0.022    0     0  128
    50%    16      10K  +0.368  +0.382  +0.411  +0.428  +0.262  +0.183  +0.345  +0.301    1     0   15
    50%    32      20K  +0.284  +0.299  +0.413  +0.431  +0.172  +0.121  +0.276  +0.234    1     0   31
    50%    64      40K  +0.186  +0.200  +0.416  +0.435  +0.096  +0.061  +0.198  +0.159    1     0   63
    50%   128      80K  +0.052  +0.056  +0.418  +0.436  -0.028  -0.061  +0.134  +0.096    1     0  127
    70%    16      10K  +0.298  +0.420  +0.185  +0.457  +0.293  +0.225  +0.368  +0.197    1     3   12
    70%    32      20K  +0.202  +0.311  +0.186  +0.464  +0.257  +0.198  +0.261  +0.121    1     3   28
    70%    64      40K  +0.123  +0.207  +0.188  +0.470  +0.122  +0.076  +0.193  +0.071    1     3   60
    70%   128      80K  +0.041  +0.063  +0.190  +0.472  -0.003  -0.077  +0.184  +0.065    1     3  124
    90%    16      10K  +0.280  +0.417  +0.163  +0.430  +0.307  +0.212  +0.366  +0.185    1     4   11
    90%    32      20K  +0.189  +0.311  +0.161  +0.439  +0.307  +0.212  +0.267  +0.116    1     4   27
    90%    64      40K  +0.114  +0.202  +0.159  +0.448  +0.087  +0.043  +0.210  +0.079    1     4   59
    90%   128      80K  +0.041  +0.059  +0.161  +0.449  -0.008  -0.091  +0.196  +0.070    1     4  123

==============================================================================================================
  VERDICT:
    Best unified plate: k=16, attn=+0.418, ffn=+0.381
  ★ WEAK — some signal but not strong holographic encoding
==============================================================================================================

  💾 results/holographic-lens/holographic_lens_results.json
  Total: 20s (0.3min)
