==========================================================================================
  Lambda Proof — Are the Two Beams a Lambda Term?
  Models: ['pythia-2.8b']
==========================================================================================
  Loaded 144 probes
  Combinator anchors: ['K', 'I', 'B', 'C', 'D', 'Y', 'W', 'WHNF'] at indices [0, 1, 2, 3, 5, 7, 6, 8]

  ─── pythia-2.8b ───
Warning: You are sending unauthenticated requests to the HF Hub. Please set a HF_TOKEN to enable higher rate limits and faster downloads.
`torch_dtype` is deprecated! Use `dtype` instead!
Loading weights:   0%|          | 0/388 [00:00<?, ?it/s]Loading weights:   0%|          | 1/388 [00:00<01:15,  5.12it/s]Loading weights:  15%|█▍        | 57/388 [00:00<00:01, 239.37it/s]Loading weights:  34%|███▍      | 132/388 [00:00<00:00, 429.83it/s]Loading weights:  59%|█████▉    | 230/388 [00:00<00:00, 619.10it/s]Loading weights:  86%|████████▌ | 332/388 [00:00<00:00, 732.45it/s]Loading weights: 100%|██████████| 388/388 [00:00<00:00, 589.98it/s]
  Running 144 probes...
    50/144...
    100/144...
  Done in 13.9s

  pythia-2.8b depth 10%:
    RDM prediction:  comb=+0.403  Q=+0.912  Q+comb=+0.912
    R² regression:   comb=0.387  Q=0.965  Q+comb=0.972
    Pred RDM:        comb=+0.569  Q=+0.992  Q+comb=+0.994
    CV RDM:          +0.893
    Coupling boost:  RDM=+0.509  R²=+0.585  pred=+0.425

  pythia-2.8b depth 30%:
    RDM prediction:  comb=+0.461  Q=+0.956  Q+comb=+0.956
    R² regression:   comb=0.343  Q=0.952  Q+comb=0.958
    Pred RDM:        comb=+0.610  Q=+0.990  Q+comb=+0.991
    CV RDM:          +0.909
    Coupling boost:  RDM=+0.495  R²=+0.615  pred=+0.380

  pythia-2.8b depth 50%:
    RDM prediction:  comb=+0.507  Q=+0.920  Q+comb=+0.920
    R² regression:   comb=0.343  Q=0.939  Q+comb=0.947
    Pred RDM:        comb=+0.616  Q=+0.987  Q+comb=+0.989
    CV RDM:          +0.906
    Coupling boost:  RDM=+0.413  R²=+0.604  pred=+0.373

  pythia-2.8b depth 70%:
    RDM prediction:  comb=+0.313  Q=+0.650  Q+comb=+0.650
    R² regression:   comb=0.383  Q=0.953  Q+comb=0.960
    Pred RDM:        comb=+0.620  Q=+0.991  Q+comb=+0.992
    CV RDM:          +0.924
    Coupling boost:  RDM=+0.337  R²=+0.578  pred=+0.372

  pythia-2.8b depth 90%:
    RDM prediction:  comb=+0.322  Q=+0.565  Q+comb=+0.565
    R² regression:   comb=0.394  Q=0.950  Q+comb=0.958
    Pred RDM:        comb=+0.674  Q=+0.991  Q+comb=+0.993
    CV RDM:          +0.929
    Coupling boost:  RDM=+0.243  R²=+0.564  pred=+0.319

==========================================================================================
  LAMBDA PROOF SUMMARY
==========================================================================================

         model  depth  comb→up    Q→up   Q+c→up   R²_c   R²_Q   R²_QC      CV   boost
  ────────────────────────────────────────────────────────────────────────────────
   pythia-2.8b    10%   +0.403  +0.912   +0.912  0.387  0.965   0.972  +0.893  +0.585
   pythia-2.8b    30%   +0.461  +0.956   +0.956  0.343  0.952   0.958  +0.909  +0.615
   pythia-2.8b    50%   +0.507  +0.920   +0.920  0.343  0.939   0.947  +0.906  +0.604
   pythia-2.8b    70%   +0.313  +0.650   +0.650  0.383  0.953   0.960  +0.924  +0.578
   pythia-2.8b    90%   +0.322  +0.565   +0.565  0.394  0.950   0.958  +0.929  +0.564

  Mean R²(Q+comb→up): 0.959
  Mean RDM pred:      +0.992
  Mean coupling boost: +0.589
  ★★★ STRONG EVIDENCE — beam_Q + combinator linearly predicts beam_up
       The two beams ARE a lambda term (binder + body coupled by reduction rule)
==========================================================================================

  💾 results/lambda-proof/lambda_proof.json
  Total: 19s (0.3min)
