════════════════════════════════════════════════════════════════
  CRYSTAL-φ PERMUTATION NULL — WeiboAI/VibeThinker-3B
════════════════════════════════════════════════════════════════
  Loading WeiboAI/VibeThinker-3B ...
Warning: You are sending unauthenticated requests to the HF Hub. Please set a HF_TOKEN to enable higher rate limits and faster downloads.
Loading weights:   0%|          | 0/434 [00:00<?, ?it/s]Loading weights:  17%|█▋        | 75/434 [00:00<00:00, 696.08it/s]Loading weights:  35%|███▍      | 150/434 [00:00<00:00, 724.60it/s]Loading weights:  53%|█████▎    | 231/434 [00:00<00:00, 737.34it/s]Loading weights:  73%|███████▎  | 315/434 [00:00<00:00, 737.65it/s]Loading weights:  90%|████████▉ | 389/434 [00:00<00:00, 734.33it/s]Loading weights: 100%|██████████| 434/434 [00:00<00:00, 745.07it/s]
  36 layers, Zone B = [10, 15, 20, 25]
  TRUE: phi_fit=0.0038  consensus_r=+0.2125  sep=+0.0709
        λ0/λ1=1.5084 (φ^(4/5)=1.4696, dist=0.0388)  eig_ratio_corr=+0.9584
    perm 500/2000 (26s)
    perm 1000/2000 (52s)
    perm 1500/2000 (78s)
    perm 2000/2000 (105s)
  NULL phi_fit=0.0084±0.0255 (min 0.0008)  →  p_phi=0.5842
  NULL consensus_r=-0.0116±0.1339 (max +0.5390)  →  p_cons=0.0670
  NULL separation=-0.0001±0.0029 →  p_sep=0.0005
  NULL λ0/λ1=1.839±0.547 (median 1.737)  →  p(dist→φ^4/5)=0.0645
  NULL eig_ratio_corr=+0.9490±0.0443 (max +0.9996)  →  p_eigratio=0.5252
  saved → /Users/mwhitford/src/verbum/results/crystal-phi-permnull/WeiboAI_VibeThinker-3B.json

DONE.
